{
  "domains": {
    "NumberTheory": [
      "Mathlib/NumberTheory/Basic.lean",
      "mathlib_b5"
    ],
    "LinearAlgebra": [
      "Mathlib/LinearAlgebra/AffineSpace/Midpoint.lean",
      "mathlib_b5"
    ],
    "Analysis": [
      "Mathlib/Analysis/Asymptotics/Completion.lean",
      "mathlib_b2"
    ],
    "Topology": [
      "Mathlib/Topology/AlexandrovDiscrete.lean",
      "mathlib_b2"
    ],
    "Combinatorics": [
      "Mathlib/Combinatorics/Additive/CauchyDavenport.lean",
      "mathlib_b1"
    ],
    "Algebra": [
      "Mathlib/Algebra/BigOperators/Group/Finset/Sigma.lean",
      "mathlib_b3"
    ],
    "CategoryTheory": [
      "Mathlib/CategoryTheory/Abelian/GrothendieckAxioms/Basic.lean",
      "mathlib_b4"
    ],
    "AlgebraicTopology": [
      "Mathlib/AlgebraicTopology/Quasicategory/StrictSegal.lean",
      "mathlib_b1"
    ],
    "MeasureTheory": [
      "Mathlib/MeasureTheory/Covering/OneDim.lean",
      "mathlib_b2"
    ],
    "Order": [
      "Mathlib/Order/Category/BddDistLat.lean",
      "mathlib_b2"
    ],
    "GroupTheory": [
      "Mathlib/GroupTheory/Commutator/Finite.lean",
      "mathlib_b5"
    ],
    "RingTheory": [
      "Mathlib/RingTheory/AdicCompletion/Algebra.lean",
      "mathlib_b5"
    ],
    "Dynamics": [
      "Mathlib/Dynamics/FixedPoints/Prufer.lean",
      "mathlib_b1"
    ],
    "Data": [
      "Mathlib/Data/DFinsupp/Multiset.lean",
      "mathlib_b3"
    ],
    "Computability": [
      "Mathlib/Computability/TMConfig.lean",
      "mathlib_b2"
    ],
    "Probability": [
      "Mathlib/Probability/Independence/Kernel.lean",
      "mathlib_b2"
    ],
    "Tactic": [
      "Mathlib/Tactic/CC/Addition.lean",
      "mathlib_b5"
    ],
    "Logic": [
      "Mathlib/Logic/Equiv/Defs.lean",
      "mathlib_b2"
    ],
    "AlgebraicGeometry": [
      "Mathlib/AlgebraicGeometry/Cover/MorphismProperty.lean",
      "mathlib_b5"
    ],
    "FieldTheory": [
      "Mathlib/FieldTheory/AlgebraicClosure.lean",
      "mathlib_b2"
    ],
    "Geometry": [
      "Mathlib/Geometry/Euclidean/Angle/Unoriented/RightAngle.lean",
      "mathlib_b3"
    ],
    "Deprecated": [
      "Mathlib/Deprecated/Order.lean",
      "mathlib_b3"
    ],
    "SetTheory": [
      "Mathlib/SetTheory/Cardinal/NatCount.lean",
      "mathlib_b5"
    ],
    "Lean": [
      "Mathlib/Lean/Meta/RefinedDiscrTree/Initialize.lean",
      "mathlib_b6"
    ]
  },
  "files": 24,
  "visited_sites": 1115,
  "empty_sites": 24,
  "entries": 16365,
  "skipped": 1452,
  "jobs": 14913,
  "distinct_complete_sources": 11480,
  "duplicate_excess": 3433,
  "recorded_outcomes": {
    "rejected_kernel": 13903,
    "rejected_length": 165,
    "rejected_quality": 144,
    "chosen": 341,
    "valid_not_chosen": 356,
    "timeout": 4
  },
  "bytes": 490656335
}
