{
  "domains": {
    "NumberTheory": [
      "Mathlib/NumberTheory/Basic.lean",
      "mathlib_b5"
    ],
    "LinearAlgebra": [
      "Mathlib/LinearAlgebra/AffineSpace/Midpoint.lean",
      "mathlib_b5"
    ],
    "Analysis": [
      "Mathlib/Analysis/Asymptotics/Completion.lean",
      "mathlib_b2"
    ],
    "Topology": [
      "Mathlib/Topology/AlexandrovDiscrete.lean",
      "mathlib_b2"
    ],
    "Combinatorics": [
      "Mathlib/Combinatorics/Additive/CauchyDavenport.lean",
      "mathlib_b1"
    ],
    "Algebra": [
      "Mathlib/Algebra/BigOperators/Group/Finset/Sigma.lean",
      "mathlib_b3"
    ],
    "CategoryTheory": [
      "Mathlib/CategoryTheory/Abelian/GrothendieckAxioms/Basic.lean",
      "mathlib_b4"
    ],
    "AlgebraicTopology": [
      "Mathlib/AlgebraicTopology/Quasicategory/StrictSegal.lean",
      "mathlib_b1"
    ],
    "MeasureTheory": [
      "Mathlib/MeasureTheory/Covering/OneDim.lean",
      "mathlib_b2"
    ],
    "Order": [
      "Mathlib/Order/Category/BddDistLat.lean",
      "mathlib_b2"
    ],
    "GroupTheory": [
      "Mathlib/GroupTheory/Commutator/Finite.lean",
      "mathlib_b5"
    ],
    "RingTheory": [
      "Mathlib/RingTheory/AdicCompletion/Algebra.lean",
      "mathlib_b5"
    ],
    "Dynamics": [
      "Mathlib/Dynamics/FixedPoints/Prufer.lean",
      "mathlib_b1"
    ],
    "Data": [
      "Mathlib/Data/DFinsupp/Multiset.lean",
      "mathlib_b3"
    ],
    "Computability": [
      "Mathlib/Computability/TMConfig.lean",
      "mathlib_b2"
    ],
    "Probability": [
      "Mathlib/Probability/Independence/Kernel.lean",
      "mathlib_b2"
    ],
    "Tactic": [
      "Mathlib/Tactic/CC/Addition.lean",
      "mathlib_b5"
    ],
    "Logic": [
      "Mathlib/Logic/Equiv/Defs.lean",
      "mathlib_b2"
    ],
    "AlgebraicGeometry": [
      "Mathlib/AlgebraicGeometry/Cover/MorphismProperty.lean",
      "mathlib_b5"
    ],
    "FieldTheory": [
      "Mathlib/FieldTheory/AlgebraicClosure.lean",
      "mathlib_b2"
    ],
    "Geometry": [
      "Mathlib/Geometry/Euclidean/Angle/Unoriented/RightAngle.lean",
      "mathlib_b3"
    ],
    "Deprecated": [
      "Mathlib/Deprecated/Order.lean",
      "mathlib_b3"
    ],
    "SetTheory": [
      "Mathlib/SetTheory/Cardinal/NatCount.lean",
      "mathlib_b5"
    ],
    "Lean": [
      "Mathlib/Lean/Meta/RefinedDiscrTree/Initialize.lean",
      "mathlib_b6"
    ]
  },
  "files": 24,
  "visited_sites": 1115,
  "empty_sites": 24,
  "entries": 16365,
  "skipped": 1452,
  "jobs": 14913,
  "distinct_complete_sources": 10964,
  "duplicate_excess": 3949,
  "recorded_outcomes": {
    "rejected_kernel": 13903,
    "rejected_length": 165,
    "rejected_quality": 144,
    "chosen": 341,
    "valid_not_chosen": 356,
    "timeout": 4
  },
  "span_groups": {
    "whole_by_term": 5232,
    "other_publisher_span": 9681
  },
  "syntax_kinds": {
    "Lean.Parser.Term.byTactic": 5232,
    "Lean.Parser.Tactic.simp": 1958,
    "Lean.Parser.Tactic.exact": 2400,
    "Lean.Parser.Tactic.simpa": 335,
    "Lean.Parser.Tactic.tacticRwa__": 344,
    "Lean.Parser.Tactic.assumption": 408,
    "Lean.Parser.Tactic.rwSeq": 882,
    "Lean.Parser.Tactic.omega": 65,
    "Lean.Parser.Tactic.\u00abtactic_<;>_\u00bb": 225,
    "Lean.Parser.Tactic.contradiction": 42,
    "Lean.Parser.Tactic.induction": 255,
    "Lean.Parser.Tactic.rintro": 15,
    "Lean.Parser.Tactic.simpAll": 9,
    "Batteries.Tactic.exacts": 15,
    "Batteries.Tactic.seq_focus": 60,
    "Batteries.Tactic.\u00abtacticMap_tacs[_;]\u00bb": 60,
    "Lean.Parser.Tactic.apply": 101,
    "by": 742,
    "CategoryTheory.aesop_cat": 341,
    "CategoryTheory.rfl_cat": 296,
    "Lean.Parser.Tactic.applyRfl": 311,
    "Aesop.Frontend.Parser.aesopTactic": 75,
    "Lean.Parser.Tactic.classical": 150,
    "Lean.Parser.Tactic.refine": 30,
    "Lean.Parser.Tactic.congr": 15,
    "Lean.Parser.Tactic.tacticInfer_instance": 60,
    "tacticGet_elem_tactic": 113,
    "Lean.Parser.Tactic.done": 158,
    "tacticGet_elem_tactic_trivial": 72,
    "Lean.Parser.Tactic.tacticTrivial": 9,
    "tacticDecreasing_tactic": 45,
    "tacticDecreasing_with_": 45,
    "tacticDecreasing_trivial": 45
  },
  "bytes": 490627292
}
