cumulative profiling times:
	attribute application 0.00928ms
	congr simp thm 0.144ms
	elaboration 14.7ms
	fix level params 0.0475ms
	grind 2.49ms
	grind mark subsingleton 0.199ms
	grind ring 6.66ms
	grind simp 1.07ms
	instantiate metavars 0.0884ms
	let-to-have transformation 0.0226ms
	linting 1.91ms
	module linting 0.0011ms
	parsing 0.313ms
	process pre-definitions 0.118ms
	share common exprs 0.107ms
	sym canon 0.539ms
	sym typeclass inference 2.68ms
	tactic execution 29.1ms
	type checking 653ms
	typeclass inference 26.2ms
wall=0.83 user=0.78 sys=0.04 rss_kib=504912
