cumulative profiling times:
	attribute application 0.00836ms
	congr simp thm 0.531ms
	elaboration 15ms
	fix level params 0.0461ms
	grind 36ms
	grind mark subsingleton 0.221ms
	grind ring 14.3ms
	grind simp 4.24ms
	instantiate metavars 0.0895ms
	let-to-have transformation 0.0225ms
	linting 3.71ms
	module linting 0.00097ms
	parsing 0.435ms
	process pre-definitions 0.163ms
	share common exprs 0.108ms
	sym canon 0.659ms
	sym typeclass inference 3.02ms
	tactic execution 35.9ms
	type checking 10.7ms
	typeclass inference 26.1ms
wall=0.29 user=0.15 sys=0.04 rss_kib=330004
