cumulative profiling times:
	attribute application 11ms
	compilation (IR) 0.151ms
	compilation (LCNF base) 5.09ms
	compilation (LCNF impure) 0.749ms
	compilation (LCNF mono) 1.05ms
	elaboration 1.91s
	fix level params 0.0856ms
	instantiate metavars 0.0366ms
	interpretation 0.193ms
	let-to-have transformation 0.295ms
	linting 7.94ms
	module linting 0.000944ms
	parsing 2.95ms
	process pre-definitions 10.3ms
	share common exprs 1.67ms
	tactic execution 18.8s
	type checking 61.8s
	typeclass inference 41.6ms
wall=81.02 user=54.41 sys=27.77 rss_kib=8678936
