cumulative profiling times:
	attribute application 20.2ms
	compilation (IR) 0.595ms
	compilation (LCNF base) 9.12ms
	compilation (LCNF impure) 1.06ms
	compilation (LCNF mono) 9.35ms
	elaboration 1.89s
	fix level params 0.0936ms
	instantiate metavars 0.0377ms
	interpretation 0.213ms
	let-to-have transformation 0.288ms
	linting 11.1ms
	module linting 0.00115ms
	parsing 3.34ms
	process pre-definitions 11.9ms
	share common exprs 1.86ms
	tactic execution 17.9s
	type checking 0.499ms
	typeclass inference 43.3ms
wall=21.10 user=19.61 sys=0.19 rss_kib=1505976
