Creating test: perf/app-lam (type: leanfile)
  Copied /tmp/lean-kernel-arena/tests/perf/app-lam.lean to /tmp/lean-kernel-arena/_build/tests/work/perf/app-lam/src/Test.lean
  Copied lean-toolchain from tests/ to src directory
  Created trivial lakefile
  Building module Test...
  Exporting module Test (dag_app_binder)...
  Created /tmp/lean-kernel-arena/_build/tests/perf/app-lam.ndjson (1.2 MB, 28.6 k lines)
Creating test: perf/args-before-unfold (type: leanfile)
  Copied /tmp/lean-kernel-arena/tests/perf/args-before-unfold.lean to /tmp/lean-kernel-arena/_build/tests/work/perf/args-before-unfold/src/Test.lean
  Copied lean-toolchain from tests/ to src directory
  Created trivial lakefile
  Building module Test...
  Exporting module Test (kernel_args_before_unfold)...
  Created /tmp/lean-kernel-arena/_build/tests/perf/args-before-unfold.ndjson (44.5 KB, 1.2 k lines)
Creating test: perf/beta-ladder (type: leanfile)
  Copied /tmp/lean-kernel-arena/tests/perf/beta-ladder.lean to /tmp/lean-kernel-arena/_build/tests/work/perf/beta-ladder/src/Test.lean
  Copied lean-toolchain from tests/ to src directory
  Created trivial lakefile
  Building module Test...
  Exporting module Test (beta_ladder)...
  Created /tmp/lean-kernel-arena/_build/tests/perf/beta-ladder.ndjson (450.6 KB, 10.4 k lines)
Creating test: perf/church-numerals (type: leanfile)
  Copied /tmp/lean-kernel-arena/tests/perf/church-numerals.lean to /tmp/lean-kernel-arena/_build/tests/work/perf/church-numerals/src/Test.lean
  Copied lean-toolchain from tests/ to src directory
  Created trivial lakefile
  Building module Test...
  Exporting module Test (kernel_church_numerals)...
  Created /tmp/lean-kernel-arena/_build/tests/perf/church-numerals.ndjson (9.6 KB, 227 lines)
Creating test: perf/discarded-argument-match (type: leanfile)
  Copied /tmp/lean-kernel-arena/tests/perf/discarded-argument-match.lean to /tmp/lean-kernel-arena/_build/tests/work/perf/discarded-argument-match/src/Test.lean
  Copied lean-toolchain from tests/ to src directory
  Created trivial lakefile
  Building module Test...
  Exporting module Test (kernel_discarded_argument_match)...
  Created /tmp/lean-kernel-arena/_build/tests/perf/discarded-argument-match.ndjson (29.2 KB, 606 lines)
Creating test: perf/discarded-argument (type: leanfile)
  Copied /tmp/lean-kernel-arena/tests/perf/discarded-argument.lean to /tmp/lean-kernel-arena/_build/tests/work/perf/discarded-argument/src/Test.lean
  Copied lean-toolchain from tests/ to src directory
  Created trivial lakefile
  Building module Test...
  Exporting module Test (kernel_discarded_argument)...
  Created /tmp/lean-kernel-arena/_build/tests/perf/discarded-argument.ndjson (15.9 KB, 367 lines)
Creating test: perf/folded-constant-first (type: leanfile)
  Copied /tmp/lean-kernel-arena/tests/perf/folded-constant-first.lean to /tmp/lean-kernel-arena/_build/tests/work/perf/folded-constant-first/src/Test.lean
  Copied lean-toolchain from tests/ to src directory
  Created trivial lakefile
  Building module Test...
  Exporting module Test (kernel_folded_constant_first)...
  Created /tmp/lean-kernel-arena/_build/tests/perf/folded-constant-first.ndjson (52.0 KB, 1.3 k lines)
Creating test: perf/folded-constant-last (type: leanfile)
  Copied /tmp/lean-kernel-arena/tests/perf/folded-constant-last.lean to /tmp/lean-kernel-arena/_build/tests/work/perf/folded-constant-last/src/Test.lean
  Copied lean-toolchain from tests/ to src directory
  Created trivial lakefile
  Building module Test...
  Exporting module Test (kernel_folded_constant_last)...
  Created /tmp/lean-kernel-arena/_build/tests/perf/folded-constant-last.ndjson (51.0 KB, 1.3 k lines)
Creating test: perf/fueled-chain (type: leanfile)
  Copied /tmp/lean-kernel-arena/tests/perf/fueled-chain.lean to /tmp/lean-kernel-arena/_build/tests/work/perf/fueled-chain/src/Test.lean
  Copied lean-toolchain from tests/ to src directory
  Created trivial lakefile
  Building module Test...
  Exporting module Test (chain6_datF, chain9_datF, chain12_datF)...
  Created /tmp/lean-kernel-arena/_build/tests/perf/fueled-chain.ndjson (848.6 KB, 17.3 k lines)
Creating test: perf/grind-ring-5 (type: leanfile)
  Copied /tmp/lean-kernel-arena/tests/perf/grind-ring-5.lean to /tmp/lean-kernel-arena/_build/tests/work/perf/grind-ring-5/src/Test.lean
  Copied lean-toolchain from tests/ to src directory
  Created trivial lakefile
  Building module Test...
  Exporting module Test (thm, String.ofList, Char.ofNat)...
  Created /tmp/lean-kernel-arena/_build/tests/perf/grind-ring-5.ndjson (9.8 MB, 200.3 k lines)
Creating test: perf/identical-nesting (type: leanfile)
  Copied /tmp/lean-kernel-arena/tests/perf/identical-nesting.lean to /tmp/lean-kernel-arena/_build/tests/work/perf/identical-nesting/src/Test.lean
  Copied lean-toolchain from tests/ to src directory
  Created trivial lakefile
  Building module Test...
  Exporting module Test (kernel_identical_nesting)...
  Created /tmp/lean-kernel-arena/_build/tests/perf/identical-nesting.ndjson (8.7 KB, 172 lines)
Creating test: perf/irrelevance-before-evaluation (type: leanfile)
  Copied /tmp/lean-kernel-arena/tests/perf/irrelevance-before-evaluation.lean to /tmp/lean-kernel-arena/_build/tests/work/perf/irrelevance-before-evaluation/src/Test.lean
  Copied lean-toolchain from tests/ to src directory
  Created trivial lakefile
  Building module Test...
  Exporting module Test (kernel_irrelevance_before_evaluation)...
  Created /tmp/lean-kernel-arena/_build/tests/perf/irrelevance-before-evaluation.ndjson (17.5 KB, 388 lines)
Creating test: perf/let-ladder (type: leanfile)
  Copied /tmp/lean-kernel-arena/tests/perf/let-ladder.lean to /tmp/lean-kernel-arena/_build/tests/work/perf/let-ladder/src/Test.lean
  Copied lean-toolchain from tests/ to src directory
  Created trivial lakefile
  Building module Test...
  Exporting module Test (kernel_quadratic_let_ladder)...
  Created /tmp/lean-kernel-arena/_build/tests/perf/let-ladder.ndjson (457.6 KB, 10.4 k lines)
Creating test: perf/magma-list-deep-n21 (type: leanfile)
  Copied /tmp/lean-kernel-arena/tests/perf/magma-list-deep-n21.lean to /tmp/lean-kernel-arena/_build/tests/work/perf/magma-list-deep-n21/src/Test.lean
  Copied lean-toolchain from tests/ to src directory
  Created trivial lakefile
  Building module Test...
  Exporting module Test (countermodel)...
  Created /tmp/lean-kernel-arena/_build/tests/perf/magma-list-deep-n21.ndjson (1.1 MB, 21.8 k lines)
Creating test: perf/magma-list-deep-n36 (type: leanfile)
  Copied /tmp/lean-kernel-arena/tests/perf/magma-list-deep-n36.lean to /tmp/lean-kernel-arena/_build/tests/work/perf/magma-list-deep-n36/src/Test.lean
  Copied lean-toolchain from tests/ to src directory
  Created trivial lakefile
  Building module Test...
  Exporting module Test (countermodel)...
  Created /tmp/lean-kernel-arena/_build/tests/perf/magma-list-deep-n36.ndjson (1.2 MB, 23.0 k lines)
Creating test: perf/magma-list-pair-n21 (type: leanfile)
  Copied /tmp/lean-kernel-arena/tests/perf/magma-list-pair-n21.lean to /tmp/lean-kernel-arena/_build/tests/work/perf/magma-list-pair-n21/src/Test.lean
  Copied lean-toolchain from tests/ to src directory
  Created trivial lakefile
  Building module Test...
  Exporting module Test (countermodel)...
  Created /tmp/lean-kernel-arena/_build/tests/perf/magma-list-pair-n21.ndjson (583.1 KB, 11.0 k lines)
Creating test: perf/magma-list-pair-n7 (type: leanfile)
  Copied /tmp/lean-kernel-arena/tests/perf/magma-list-pair-n7.lean to /tmp/lean-kernel-arena/_build/tests/work/perf/magma-list-pair-n7/src/Test.lean
  Copied lean-toolchain from tests/ to src directory
  Created trivial lakefile
  Building module Test...
  Exporting module Test (countermodel)...
  Created /tmp/lean-kernel-arena/_build/tests/perf/magma-list-pair-n7.ndjson (583.6 KB, 11.0 k lines)
Creating test: perf/magma-string-n4 (type: leanfile)
  Copied /tmp/lean-kernel-arena/tests/perf/magma-string-n4.lean to /tmp/lean-kernel-arena/_build/tests/work/perf/magma-string-n4/src/Test.lean
  Copied lean-toolchain from tests/ to src directory
  Created trivial lakefile
  Building module Test...
  Exporting module Test (countermodel)...
  Created /tmp/lean-kernel-arena/_build/tests/perf/magma-string-n4.ndjson (16.5 MB, 344.3 k lines)
Creating test: perf/magma-string-pair-n9 (type: leanfile)
  Copied /tmp/lean-kernel-arena/tests/perf/magma-string-pair-n9.lean to /tmp/lean-kernel-arena/_build/tests/work/perf/magma-string-pair-n9/src/Test.lean
  Copied lean-toolchain from tests/ to src directory
  Created trivial lakefile
  Building module Test...
  Exporting module Test (countermodel)...
  Created /tmp/lean-kernel-arena/_build/tests/perf/magma-string-pair-n9.ndjson (16.6 MB, 344.3 k lines)
Creating test: perf/proj-cheap-struct (type: leanfile)
  Copied /tmp/lean-kernel-arena/tests/perf/proj-cheap-struct.lean to /tmp/lean-kernel-arena/_build/tests/work/perf/proj-cheap-struct/src/Test.lean
  Copied lean-toolchain from tests/ to src directory
  Created trivial lakefile
  Building module Test...
  Exporting module Test (proj_cheap_struct)...
  Created /tmp/lean-kernel-arena/_build/tests/perf/proj-cheap-struct.ndjson (85.9 KB, 1.5 k lines)
Creating test: perf/proj-lazy-struct (type: leanfile)
  Copied /tmp/lean-kernel-arena/tests/perf/proj-lazy-struct.lean to /tmp/lean-kernel-arena/_build/tests/work/perf/proj-lazy-struct/src/Test.lean
  Copied lean-toolchain from tests/ to src directory
  Created trivial lakefile
  Building module Test...
  Exporting module Test (proj_lazy_struct)...
  Created /tmp/lean-kernel-arena/_build/tests/perf/proj-lazy-struct.ndjson (44.9 KB, 808 lines)
Creating test: perf/proj-stuck-struct (type: leanfile)
  Copied /tmp/lean-kernel-arena/tests/perf/proj-stuck-struct.lean to /tmp/lean-kernel-arena/_build/tests/work/perf/proj-stuck-struct/src/Test.lean
  Copied lean-toolchain from tests/ to src directory
  Created trivial lakefile
  Building module Test...
  Exporting module Test (step12, step16, step20)...
  Created /tmp/lean-kernel-arena/_build/tests/perf/proj-stuck-struct.ndjson (50.1 KB, 916 lines)
Creating test: perf/refute-cheap-first (type: leanfile)
  Copied /tmp/lean-kernel-arena/tests/perf/refute-cheap-first.lean to /tmp/lean-kernel-arena/_build/tests/work/perf/refute-cheap-first/src/Test.lean
  Copied lean-toolchain from tests/ to src directory
  Created trivial lakefile
  Building module Test...
  Exporting module Test (kernel_refute_cheap_first)...
  Created /tmp/lean-kernel-arena/_build/tests/perf/refute-cheap-first.ndjson (20.7 KB, 439 lines)
Creating test: perf/refute-cheap-last (type: leanfile)
  Copied /tmp/lean-kernel-arena/tests/perf/refute-cheap-last.lean to /tmp/lean-kernel-arena/_build/tests/work/perf/refute-cheap-last/src/Test.lean
  Copied lean-toolchain from tests/ to src directory
  Created trivial lakefile
  Building module Test...
  Exporting module Test (kernel_refute_cheap_last)...
  Created /tmp/lean-kernel-arena/_build/tests/perf/refute-cheap-last.ndjson (20.5 KB, 439 lines)
Creating test: perf/repeated-subproblem (type: leanfile)
  Copied /tmp/lean-kernel-arena/tests/perf/repeated-subproblem.lean to /tmp/lean-kernel-arena/_build/tests/work/perf/repeated-subproblem/src/Test.lean
  Copied lean-toolchain from tests/ to src directory
  Created trivial lakefile
  Building module Test...
  Exporting module Test (kernel_repeated_subproblem)...
  Created /tmp/lean-kernel-arena/_build/tests/perf/repeated-subproblem.ndjson (11.4 KB, 214 lines)
Creating test: perf/shared-subterm (type: leanfile)
  Copied /tmp/lean-kernel-arena/tests/perf/shared-subterm.lean to /tmp/lean-kernel-arena/_build/tests/work/perf/shared-subterm/src/Test.lean
  Copied lean-toolchain from tests/ to src directory
  Created trivial lakefile
  Building module Test...
  Exporting module Test (kernel_shared_subterm)...
  Created /tmp/lean-kernel-arena/_build/tests/perf/shared-subterm.ndjson (50.1 KB, 1.3 k lines)
Creating test: perf/shift-cascade (type: leanfile)
  Copied /tmp/lean-kernel-arena/tests/perf/shift-cascade.lean to /tmp/lean-kernel-arena/_build/tests/work/perf/shift-cascade/src/Test.lean
  Copied lean-toolchain from tests/ to src directory
  Created trivial lakefile
  Building module Test...
  Exporting module Test (shift_cascade)...
  Created /tmp/lean-kernel-arena/_build/tests/perf/shift-cascade.ndjson (256.3 KB, 5.1 k lines)
Creating test: perf/unroll-versus-evaluate (type: leanfile)
  Copied /tmp/lean-kernel-arena/tests/perf/unroll-versus-evaluate.lean to /tmp/lean-kernel-arena/_build/tests/work/perf/unroll-versus-evaluate/src/Test.lean
  Copied lean-toolchain from tests/ to src directory
  Created trivial lakefile
  Building module Test...
  Exporting module Test (kernel_unroll_versus_evaluate)...
  Created /tmp/lean-kernel-arena/_build/tests/perf/unroll-versus-evaluate.ndjson (44.6 KB, 1.2 k lines)

Results: 28 succeeded, 0 failed
