Creating test: bugs/constlevels (type: file)
  Copied /tmp/lean-kernel-arena/tests/bugs/constlevels.ndjson
  Created /tmp/lean-kernel-arena/_build/tests/bugs/constlevels.ndjson (15.3 KB, 283 lines)
Creating test: bugs/ctor-num-fields (type: leanfile)
  Copied /tmp/lean-kernel-arena/tests/bugs/ctor-num-fields.lean to /tmp/lean-kernel-arena/_build/tests/work/bugs/ctor-num-fields/src/Test.lean
  Copied lean-toolchain from tests/ to src directory
  Created trivial lakefile
  Building module Test...
  Exporting module Test (bad)...
  Created /tmp/lean-kernel-arena/_build/tests/bugs/ctor-num-fields.ndjson (34.1 KB, 622 lines)
Creating test: bugs/k-rec-conv (type: leanfile)
  Copied /tmp/lean-kernel-arena/tests/bugs/k-rec-conv.lean to /tmp/lean-kernel-arena/_build/tests/work/bugs/k-rec-conv/src/Test.lean
  Copied lean-toolchain from tests/ to src directory
  Created trivial lakefile
  Building module Test...
  Exporting module Test (bad)...
  Created /tmp/lean-kernel-arena/_build/tests/bugs/k-rec-conv.ndjson (12.6 KB, 232 lines)
Creating test: bugs/large-elim-param (type: file)
  Copied /tmp/lean-kernel-arena/tests/bugs/large-elim-param.ndjson
  Created /tmp/lean-kernel-arena/_build/tests/bugs/large-elim-param.ndjson (6.2 KB, 88 lines)
Creating test: bugs/large-elim-prop-bool (type: leanfile)
  Copied /tmp/lean-kernel-arena/tests/bugs/large-elim-prop-bool.lean to /tmp/lean-kernel-arena/_build/tests/work/bugs/large-elim-prop-bool/src/Test.lean
  Copied lean-toolchain from tests/ to src directory
  Created trivial lakefile
  Building module Test...
  Exporting module Test (boom)...
  Created /tmp/lean-kernel-arena/_build/tests/bugs/large-elim-prop-bool.ndjson (22.6 KB, 438 lines)
Creating test: bugs/level-imax-leq (type: file)
  Copied /tmp/lean-kernel-arena/tests/bugs/level-imax-leq.ndjson
  Created /tmp/lean-kernel-arena/_build/tests/bugs/level-imax-leq.ndjson (5.6 KB, 93 lines)
Creating test: bugs/level-imax-normalization (type: file)
  Copied /tmp/lean-kernel-arena/tests/bugs/level-imax-normalization.ndjson
  Created /tmp/lean-kernel-arena/_build/tests/bugs/level-imax-normalization.ndjson (5.8 KB, 96 lines)
Creating test: bugs/nat-rec-k-lie (type: file)
  Copied /tmp/lean-kernel-arena/tests/bugs/nat-rec-k-lie.ndjson
  Created /tmp/lean-kernel-arena/_build/tests/bugs/nat-rec-k-lie.ndjson (6.3 KB, 106 lines)
Creating test: bugs/nat-rec-rules (type: file)
  Copied /tmp/lean-kernel-arena/tests/bugs/nat-rec-rules.ndjson
  Created /tmp/lean-kernel-arena/_build/tests/bugs/nat-rec-rules.ndjson (8.1 KB, 128 lines)
Creating test: bugs/nested-unused-param (type: module)
  Copied /tmp/lean-kernel-arena/tutorial to /tmp/lean-kernel-arena/_build/tests/work/bugs/nested-unused-param/src
  Building module Bugs.NestedUnusedParam...
  Exporting module Bugs.NestedUnusedParam (boom)...
  Created /tmp/lean-kernel-arena/_build/tests/bugs/nested-unused-param.ndjson (61.1 KB, 1.1 k lines)
Creating test: bugs/orphan-rec (type: file)
  Copied /tmp/lean-kernel-arena/tests/bugs/orphan-rec.ndjson
  Created /tmp/lean-kernel-arena/_build/tests/bugs/orphan-rec.ndjson (1.4 KB, 21 lines)
Creating test: bugs/proj-non-structure (type: leanfile)
  Copied /tmp/lean-kernel-arena/tests/bugs/proj-non-structure.lean to /tmp/lean-kernel-arena/_build/tests/work/bugs/proj-non-structure/src/Test.lean
  Copied lean-toolchain from tests/ to src directory
  Created trivial lakefile
  Building module Test...
  Exporting module Test (bad)...
  Created /tmp/lean-kernel-arena/_build/tests/bugs/proj-non-structure.ndjson (5.0 KB, 75 lines)
Creating test: bugs/proj-of-imax-prop (type: leanfile)
  Copied /tmp/lean-kernel-arena/tests/bugs/proj-of-imax-prop.lean to /tmp/lean-kernel-arena/_build/tests/work/bugs/proj-of-imax-prop/src/Test.lean
  Copied lean-toolchain from tests/ to src directory
  Created trivial lakefile
  Building module Test...
  Exporting module Test (badFalse)...
  Created /tmp/lean-kernel-arena/_build/tests/bugs/proj-of-imax-prop.ndjson (19.3 KB, 321 lines)
Creating test: bugs/proj-of-stuck-prop (type: module)
  Copied /tmp/lean-kernel-arena/tutorial to /tmp/lean-kernel-arena/_build/tests/work/bugs/proj-of-stuck-prop/src
  Building module Bugs.ProjOfStuckProp...
  Exporting module Bugs.ProjOfStuckProp (inconsistent)...
  Created /tmp/lean-kernel-arena/_build/tests/bugs/proj-of-stuck-prop.ndjson (275.7 KB, 5.3 k lines)
Creating test: bugs/proj-of-subst-prop (type: leanfile)
  Copied /tmp/lean-kernel-arena/tests/bugs/proj-of-subst-prop.lean to /tmp/lean-kernel-arena/_build/tests/work/bugs/proj-of-subst-prop/src/Test.lean
  Copied lean-toolchain from tests/ to src directory
  Created trivial lakefile
  Building module Test...
  Exporting module Test (inconsistent)...
  Created /tmp/lean-kernel-arena/_build/tests/bugs/proj-of-subst-prop.ndjson (254.9 KB, 4.8 k lines)
Creating test: bugs/rec-k-lie (type: leanfile)
  Copied /tmp/lean-kernel-arena/tests/bugs/rec-k-lie.lean to /tmp/lean-kernel-arena/_build/tests/work/bugs/rec-k-lie/src/Test.lean
  Copied lean-toolchain from tests/ to src directory
  Created trivial lakefile
  Building module Test...
  Exporting module Test (bad)...
  Created /tmp/lean-kernel-arena/_build/tests/bugs/rec-k-lie.ndjson (5.3 KB, 87 lines)
Creating test: bugs/rec-missing-ih (type: file)
  Copied /tmp/lean-kernel-arena/tests/bugs/rec-missing-ih.ndjson
  Created /tmp/lean-kernel-arena/_build/tests/bugs/rec-missing-ih.ndjson (289.6 KB, 5.5 k lines)
Creating test: bugs/rec-of-subst-prop (type: leanfile)
  Copied /tmp/lean-kernel-arena/tests/bugs/rec-of-subst-prop.lean to /tmp/lean-kernel-arena/_build/tests/work/bugs/rec-of-subst-prop/src/Test.lean
  Copied lean-toolchain from tests/ to src directory
  Created trivial lakefile
  Building module Test...
  Exporting module Test (Issue.contradiction)...
  Created /tmp/lean-kernel-arena/_build/tests/bugs/rec-of-subst-prop.ndjson (269.2 KB, 5.1 k lines)

Results: 18 succeeded, 0 failed
