Creating test: corner-cases/alg-conv-trans-acc-left (type: leanfile)
  Copied /tmp/lean-kernel-arena/tests/corner-cases/alg-conv.lean to /tmp/lean-kernel-arena/_build/tests/work/corner-cases/alg-conv-trans-acc-left/src/Test.lean
  Copied lean-toolchain from tests/ to src directory
  Created trivial lakefile
  Building module Test...
  Exporting module Test (left)...
  Created /tmp/lean-kernel-arena/_build/tests/corner-cases/alg-conv-trans-acc-left.ndjson (67.4 KB, 1.2 k lines)
Creating test: corner-cases/alg-conv-trans-acc-right (type: leanfile)
  Copied /tmp/lean-kernel-arena/tests/corner-cases/alg-conv.lean to /tmp/lean-kernel-arena/_build/tests/work/corner-cases/alg-conv-trans-acc-right/src/Test.lean
  Copied lean-toolchain from tests/ to src directory
  Created trivial lakefile
  Building module Test...
  Exporting module Test (right)...
  Created /tmp/lean-kernel-arena/_build/tests/corner-cases/alg-conv-trans-acc-right.ndjson (67.6 KB, 1.2 k lines)
Creating test: corner-cases/alg-conv-trans-acc (type: leanfile)
  Copied /tmp/lean-kernel-arena/tests/corner-cases/alg-conv.lean to /tmp/lean-kernel-arena/_build/tests/work/corner-cases/alg-conv-trans-acc/src/Test.lean
  Copied lean-toolchain from tests/ to src directory
  Created trivial lakefile
  Building module Test...
  Exporting module Test (trans)...
  Created /tmp/lean-kernel-arena/_build/tests/corner-cases/alg-conv-trans-acc.ndjson (66.4 KB, 1.2 k lines)
Creating test: corner-cases/alg-conv-trans-quot-left-def (type: leanfile)
  Copied /tmp/lean-kernel-arena/tests/corner-cases/alg-conv-trans-quot.lean to /tmp/lean-kernel-arena/_build/tests/work/corner-cases/alg-conv-trans-quot-left-def/src/Test.lean
  Copied lean-toolchain from tests/ to src directory
  Created trivial lakefile
  Building module Test...
  Exporting module Test (left')...
  Created /tmp/lean-kernel-arena/_build/tests/corner-cases/alg-conv-trans-quot-left-def.ndjson (10.5 KB, 208 lines)
Creating test: corner-cases/alg-conv-trans-quot-left (type: leanfile)
  Copied /tmp/lean-kernel-arena/tests/corner-cases/alg-conv-trans-quot.lean to /tmp/lean-kernel-arena/_build/tests/work/corner-cases/alg-conv-trans-quot-left/src/Test.lean
  Copied lean-toolchain from tests/ to src directory
  Created trivial lakefile
  Building module Test...
  Exporting module Test (left)...
  Created /tmp/lean-kernel-arena/_build/tests/corner-cases/alg-conv-trans-quot-left.ndjson (8.6 KB, 173 lines)
Creating test: corner-cases/alg-conv-trans-quot-right (type: leanfile)
  Copied /tmp/lean-kernel-arena/tests/corner-cases/alg-conv-trans-quot.lean to /tmp/lean-kernel-arena/_build/tests/work/corner-cases/alg-conv-trans-quot-right/src/Test.lean
  Copied lean-toolchain from tests/ to src directory
  Created trivial lakefile
  Building module Test...
  Exporting module Test (right)...
  Created /tmp/lean-kernel-arena/_build/tests/corner-cases/alg-conv-trans-quot-right.ndjson (9.0 KB, 180 lines)
Creating test: corner-cases/alg-conv-trans-quot (type: leanfile)
  Copied /tmp/lean-kernel-arena/tests/corner-cases/alg-conv-trans-quot.lean to /tmp/lean-kernel-arena/_build/tests/work/corner-cases/alg-conv-trans-quot/src/Test.lean
  Copied lean-toolchain from tests/ to src directory
  Created trivial lakefile
  Building module Test...
  Exporting module Test (trans)...
  Created /tmp/lean-kernel-arena/_build/tests/corner-cases/alg-conv-trans-quot.ndjson (8.5 KB, 169 lines)
Creating test: corner-cases/eta-ctor (type: leanfile)
  Copied /tmp/lean-kernel-arena/tests/corner-cases/eta-ctor.lean to /tmp/lean-kernel-arena/_build/tests/work/corner-cases/eta-ctor/src/Test.lean
  Copied lean-toolchain from tests/ to src directory
  Created trivial lakefile
  Building module Test...
  Exporting module Test (etaCtor)...
  Created /tmp/lean-kernel-arena/_build/tests/corner-cases/eta-ctor.ndjson (9.0 KB, 148 lines)
Creating test: corner-cases/eta-rule-k (type: leanfile)
  Copied /tmp/lean-kernel-arena/tests/corner-cases/eta-rule-k.lean to /tmp/lean-kernel-arena/_build/tests/work/corner-cases/eta-rule-k/src/Test.lean
  Copied lean-toolchain from tests/ to src directory
  Created trivial lakefile
  Building module Test...
  Exporting module Test (etaRuleK)...
  Created /tmp/lean-kernel-arena/_build/tests/corner-cases/eta-rule-k.ndjson (6.5 KB, 121 lines)
Creating test: corner-cases/imax-right-successor (type: leanfile)
  Copied /tmp/lean-kernel-arena/tests/corner-cases/imax-right-successor.lean to /tmp/lean-kernel-arena/_build/tests/work/corner-cases/imax-right-successor/src/Test.lean
  Copied lean-toolchain from tests/ to src directory
  Created trivial lakefile
  Building module Test...
  Exporting module Test (imaxRightOne, imaxRightSucc)...
  Created /tmp/lean-kernel-arena/_build/tests/corner-cases/imax-right-successor.ndjson (806 B, 21 lines)
Creating test: corner-cases/let-value-type-mismatch (type: file)
  Copied /tmp/lean-kernel-arena/tests/corner-cases/let-value-type-mismatch.ndjson
  Created /tmp/lean-kernel-arena/_build/tests/corner-cases/let-value-type-mismatch.ndjson (601 B, 13 lines)
Creating test: corner-cases/nested-nonuniform-param (type: module)
  Copied /tmp/lean-kernel-arena/tutorial to /tmp/lean-kernel-arena/_build/tests/work/corner-cases/nested-nonuniform-param/src
  Building module CornerCases.NestedNonuniformParam...
  Exporting module CornerCases.NestedNonuniformParam (E)...
  Created /tmp/lean-kernel-arena/_build/tests/corner-cases/nested-nonuniform-param.ndjson (9.2 KB, 142 lines)
Creating test: corner-cases/positivity-whnf (type: file)
  Copied /tmp/lean-kernel-arena/tests/corner-cases/positivity-whnf.ndjson
  Created /tmp/lean-kernel-arena/_build/tests/corner-cases/positivity-whnf.ndjson (4.7 KB, 81 lines)
Creating test: corner-cases/proj-maybe-prop-past (type: leanfile)
  Copied /tmp/lean-kernel-arena/tests/corner-cases/proj-maybe-prop.lean to /tmp/lean-kernel-arena/_build/tests/work/corner-cases/proj-maybe-prop-past/src/Test.lean
  Copied lean-toolchain from tests/ to src directory
  Created trivial lakefile
  Building module Test...
  Exporting module Test (projMaybePropPast)...
  Created /tmp/lean-kernel-arena/_build/tests/corner-cases/proj-maybe-prop-past.ndjson (8.1 KB, 131 lines)
Creating test: corner-cases/proj-maybe-prop (type: leanfile)
  Copied /tmp/lean-kernel-arena/tests/corner-cases/proj-maybe-prop.lean to /tmp/lean-kernel-arena/_build/tests/work/corner-cases/proj-maybe-prop/src/Test.lean
  Copied lean-toolchain from tests/ to src directory
  Created trivial lakefile
  Building module Test...
  Exporting module Test (projMaybeProp)...
  Created /tmp/lean-kernel-arena/_build/tests/corner-cases/proj-maybe-prop.ndjson (8.1 KB, 131 lines)
Creating test: corner-cases/proof-param-ok (type: file)
  Copied /tmp/lean-kernel-arena/tests/corner-cases/proof-param-ok.ndjson
  Created /tmp/lean-kernel-arena/_build/tests/corner-cases/proof-param-ok.ndjson (2.9 KB, 53 lines)
Creating test: corner-cases/proof-param-swap (type: file)
  Copied /tmp/lean-kernel-arena/tests/corner-cases/proof-param-swap.ndjson
  Created /tmp/lean-kernel-arena/_build/tests/corner-cases/proof-param-swap.ndjson (2.9 KB, 53 lines)
Creating test: corner-cases/subject-reduction-redex (type: leanfile)
  Copied /tmp/lean-kernel-arena/tests/corner-cases/alg-conv.lean to /tmp/lean-kernel-arena/_build/tests/work/corner-cases/subject-reduction-redex/src/Test.lean
  Copied lean-toolchain from tests/ to src directory
  Created trivial lakefile
  Building module Test...
  Exporting module Test (redex)...
  Created /tmp/lean-kernel-arena/_build/tests/corner-cases/subject-reduction-redex.ndjson (66.6 KB, 1.2 k lines)
Creating test: corner-cases/subject-reduction-reduct (type: leanfile)
  Copied /tmp/lean-kernel-arena/tests/corner-cases/alg-conv.lean to /tmp/lean-kernel-arena/_build/tests/work/corner-cases/subject-reduction-reduct/src/Test.lean
  Copied lean-toolchain from tests/ to src directory
  Created trivial lakefile
  Building module Test...
  Exporting module Test (reduct)...
  Created /tmp/lean-kernel-arena/_build/tests/corner-cases/subject-reduction-reduct.ndjson (65.5 KB, 1.2 k lines)

Results: 19 succeeded, 0 failed
