Creating test: other/extra-rec (type: file)
  Copied /tmp/lean-kernel-arena/tests/other/extra-rec.ndjson
  Created /tmp/lean-kernel-arena/_build/tests/other/extra-rec.ndjson (1.4 KB, 21 lines)
Creating test: other/level-index-out-of-order (type: file)
  Copied /tmp/lean-kernel-arena/tests/other/level-index-out-of-order.ndjson
  Created /tmp/lean-kernel-arena/_build/tests/other/level-index-out-of-order.ndjson (328 B, 6 lines)
Creating test: other/nat-lit-add-bad (type: leanfile)
  Copied /tmp/lean-kernel-arena/tests/other/nat-lit-add-bad.lean to /tmp/lean-kernel-arena/_build/tests/work/other/nat-lit-add-bad/src/Test.lean
  Copied lean-toolchain from tests/ to src directory
  Created trivial lakefile
  Building module Test...
  Exporting module Test (natAddLitBad)...
  Created /tmp/lean-kernel-arena/_build/tests/other/nat-lit-add-bad.ndjson (25.3 KB, 465 lines)
Creating test: other/nat-lit-add (type: leanfile)
  Copied /tmp/lean-kernel-arena/tests/other/nat-lit-arith.lean to /tmp/lean-kernel-arena/_build/tests/work/other/nat-lit-add/src/Test.lean
  Copied lean-toolchain from tests/ to src directory
  Created trivial lakefile
  Building module Test...
  Exporting module Test (natAddLit)...
  Created /tmp/lean-kernel-arena/_build/tests/other/nat-lit-add.ndjson (26.0 KB, 478 lines)
Creating test: other/nat-lit-ble (type: leanfile)
  Copied /tmp/lean-kernel-arena/tests/other/nat-lit-arith.lean to /tmp/lean-kernel-arena/_build/tests/work/other/nat-lit-ble/src/Test.lean
  Copied lean-toolchain from tests/ to src directory
  Created trivial lakefile
  Building module Test...
  Exporting module Test (natBleLit)...
  Created /tmp/lean-kernel-arena/_build/tests/other/nat-lit-ble.ndjson (28.8 KB, 520 lines)
Creating test: other/nat-lit-sub (type: leanfile)
  Copied /tmp/lean-kernel-arena/tests/other/nat-lit-arith.lean to /tmp/lean-kernel-arena/_build/tests/work/other/nat-lit-sub/src/Test.lean
  Copied lean-toolchain from tests/ to src directory
  Created trivial lakefile
  Building module Test...
  Exporting module Test (natSubLit)...
  Created /tmp/lean-kernel-arena/_build/tests/other/nat-lit-sub.ndjson (30.0 KB, 561 lines)
Creating test: other/orphan-ctor (type: file)
  Copied /tmp/lean-kernel-arena/tests/other/orphan-ctor.ndjson
  Created /tmp/lean-kernel-arena/_build/tests/other/orphan-ctor.ndjson (1.4 KB, 22 lines)
Creating test: other/proj-of-prop (type: leanfile)
  Copied /tmp/lean-kernel-arena/tests/other/proj-of-prop.lean to /tmp/lean-kernel-arena/_build/tests/work/other/proj-of-prop/src/Test.lean
  Copied lean-toolchain from tests/ to src directory
  Created trivial lakefile
  Building module Test...
  Exporting module Test (badFalse)...
  Created /tmp/lean-kernel-arena/_build/tests/other/proj-of-prop.ndjson (3.9 KB, 56 lines)
Creating test: other/sparse-name-index (type: file)
  Copied /tmp/lean-kernel-arena/tests/other/sparse-name-index.ndjson
  Created /tmp/lean-kernel-arena/_build/tests/other/sparse-name-index.ndjson (292 B, 4 lines)

Results: 9 succeeded, 0 failed
