Running parse-only on bugs/constlevels... [👍 ❌ 26 ms]
Running parse-only on bugs/ctor-num-fields... [👍 ❌ 26 ms]
Running parse-only on bugs/k-rec-conv... [👍 ❌ 27 ms]
Running parse-only on bugs/large-elim-param... [👍 ❌ 26 ms]
Running parse-only on bugs/large-elim-prop-bool... [👍 ❌ 27 ms]
Running parse-only on bugs/level-imax-leq... [👍 ❌ 26 ms]
Running parse-only on bugs/level-imax-normalization... [👍 ❌ 26 ms]
Running parse-only on bugs/nat-rec-k-lie... [👍 ❌ 26 ms]
Running parse-only on bugs/nat-rec-rules... [👍 ❌ 26 ms]
Running parse-only on bugs/nested-unused-param... [👍 ❌ 26 ms]
Running parse-only on bugs/orphan-rec... [👍 ❌ 26 ms]
Running parse-only on bugs/proj-non-structure... [👍 ❌ 26 ms]
Running parse-only on bugs/proj-of-imax-prop... [👍 ❌ 26 ms]
Running parse-only on bugs/proj-of-stuck-prop... [👍 ❌ 30 ms]
Running parse-only on bugs/proj-of-subst-prop... [👍 ❌ 31 ms]
Running parse-only on bugs/rec-k-lie... [👍 ❌ 24 ms]
Running parse-only on bugs/rec-missing-ih... [👍 ❌ 31 ms]
Running parse-only on bugs/rec-of-subst-prop... [👍 ❌ 29 ms]

============================================================
Summary:
============================================================
  incorrect: 18 ❌
