Running official on corner-cases/alg-conv-trans-acc... [👎 🤷 30 ms]
Running official on corner-cases/alg-conv-trans-acc-left... [👍 🤷 30 ms]
Running official on corner-cases/alg-conv-trans-acc-right... [👍 🤷 29 ms]
Running official on corner-cases/alg-conv-trans-quot... [👎 🤷 28 ms]
Running official on corner-cases/alg-conv-trans-quot-left... [👎 🤷 28 ms]
Running official on corner-cases/alg-conv-trans-quot-left-def... [👍 🤷 27 ms]
Running official on corner-cases/alg-conv-trans-quot-right... [👍 🤷 27 ms]
Running official on corner-cases/eta-ctor... [👎 🤷 27 ms]
Running official on corner-cases/eta-rule-k... [👎 🤷 28 ms]
Running official on corner-cases/imax-right-successor... [👎 🤷 26 ms]
Running official on corner-cases/let-value-type-mismatch... [👎 🤷 26 ms]
Running official on corner-cases/nested-nonuniform-param... [👎 🤷 26 ms]
Running official on corner-cases/positivity-whnf... [👎 🤷 25 ms]
Running official on corner-cases/proj-maybe-prop... [👍 🤷 25 ms]
Running official on corner-cases/proj-maybe-prop-past... [👍 🤷 26 ms]
Running official on corner-cases/proof-param-ok... [👍 ✅ 26 ms]
Running official on corner-cases/proof-param-swap... [👎 🤷 26 ms]
Running official on corner-cases/subject-reduction-redex... [👍 🤷 30 ms]
Running official on corner-cases/subject-reduction-reduct... [👎 🤷 29 ms]

============================================================
Summary:
============================================================
  correct: 1 ✅
  either: 18 🤷
