Running nanoda on perf/app-lam... [👍 ✅ 9.9 s]
Running nanoda on perf/args-before-unfold... [👍 ✅ 5 ms]
Running nanoda on perf/beta-ladder... [👍 ✅ 2.5 s]
Running nanoda on perf/church-numerals... [👍 ✅ 20 ms]
Running nanoda on perf/discarded-argument... [👍 ✅ 6 ms]
Running nanoda on perf/discarded-argument-match... [👍 ✅ 16 ms]
Running nanoda on perf/folded-constant-first... [👍 ✅ 7 ms]
Running nanoda on perf/folded-constant-last... [👍 ✅ 7 ms]
Running nanoda on perf/fueled-chain... [👍 ✅ 51 ms]
Running nanoda on perf/grind-ring-5... [👍 ✅ 856 ms]
Running nanoda on perf/identical-nesting... [👍 ✅ 4 ms]
Running nanoda on perf/irrelevance-before-evaluation... [👍 ✅ 3 ms]
Running nanoda on perf/let-ladder... [👍 ✅ 1.0 s]
Running nanoda on perf/magma-list-deep-n21... [👍 ✅ 2.7 s]
Running nanoda on perf/magma-list-deep-n36... [👍 ✅ 59.7 s]
Running nanoda on perf/magma-list-pair-n21... [👍 ✅ 23.2 s]
Running nanoda on perf/magma-list-pair-n7... [👍 ✅ 1.5 s]
Running nanoda on perf/magma-string-n4... [👍 ✅ 472 ms]
Running nanoda on perf/magma-string-pair-n9... [👍 ✅ 4.2 s]
Running nanoda on perf/proj-cheap-struct... [👍 ✅ 5 ms]
Running nanoda on perf/proj-lazy-struct... [👍 ✅ 10.5 s]
Running nanoda on perf/proj-stuck-struct... [👍 ✅ 4 ms]
Running nanoda on perf/refute-cheap-first... [👎 ✅ 4 ms]
Running nanoda on perf/refute-cheap-last... [👎 ✅ 5 ms]
Running nanoda on perf/repeated-subproblem... [👍 ✅ 3 ms]
Running nanoda on perf/shared-subterm... [👍 ✅ 11 ms]
Running nanoda on perf/shift-cascade... [👍 ✅ 6 ms]
Running nanoda on perf/unroll-versus-evaluate... [👍 ✅ 4 ms]

============================================================
Summary:
============================================================
  correct: 28 ✅
