Running parse-only on perf/app-lam... [⚠️ ⚠️ 2 ms]
Running parse-only on perf/args-before-unfold... [⚠️ ⚠️ 2 ms]
Running parse-only on perf/beta-ladder... [⚠️ ⚠️ 2 ms]
Running parse-only on perf/church-numerals... [⚠️ ⚠️ 2 ms]
Running parse-only on perf/discarded-argument... [⚠️ ⚠️ 2 ms]
Running parse-only on perf/discarded-argument-match... [⚠️ ⚠️ 1 ms]
Running parse-only on perf/folded-constant-first... [⚠️ ⚠️ 1 ms]
Running parse-only on perf/folded-constant-last... [⚠️ ⚠️ 2 ms]
Running parse-only on perf/fueled-chain... [⚠️ ⚠️ 2 ms]
Running parse-only on perf/grind-ring-5... [⚠️ ⚠️ 1 ms]
Running parse-only on perf/identical-nesting... [⚠️ ⚠️ 2 ms]
Running parse-only on perf/irrelevance-before-evaluation... [⚠️ ⚠️ 1 ms]
Running parse-only on perf/let-ladder... [⚠️ ⚠️ 1 ms]
Running parse-only on perf/magma-list-deep-n21... [⚠️ ⚠️ 1 ms]
Running parse-only on perf/magma-list-deep-n36... [⚠️ ⚠️ 1 ms]
Running parse-only on perf/magma-list-pair-n21... [⚠️ ⚠️ 1 ms]
Running parse-only on perf/magma-list-pair-n7... [⚠️ ⚠️ 1 ms]
Running parse-only on perf/magma-string-n4... [⚠️ ⚠️ 1 ms]
Running parse-only on perf/magma-string-pair-n9... [⚠️ ⚠️ 2 ms]
Running parse-only on perf/proj-cheap-struct... [⚠️ ⚠️ 1 ms]
Running parse-only on perf/proj-lazy-struct... [⚠️ ⚠️ 1 ms]
Running parse-only on perf/proj-stuck-struct... [⚠️ ⚠️ 1 ms]
Running parse-only on perf/refute-cheap-first... [⚠️ ⚠️ 2 ms]
Running parse-only on perf/refute-cheap-last... [⚠️ ⚠️ 1 ms]
Running parse-only on perf/repeated-subproblem... [⚠️ ⚠️ 1 ms]
Running parse-only on perf/shared-subterm... [⚠️ ⚠️ 2 ms]
Running parse-only on perf/shift-cascade... [⚠️ ⚠️ 1 ms]
Running parse-only on perf/unroll-versus-evaluate... [⚠️ ⚠️ 2 ms]

============================================================
Summary:
============================================================
  error: 28 ⚠️
