Running nanoda on bugs/constlevels... [👎 ✅ 4 ms]
Running nanoda on bugs/ctor-num-fields... [👎 ✅ 5 ms]
Running nanoda on bugs/k-rec-conv... [👎 ✅ 3 ms]
Running nanoda on bugs/large-elim-param... [👎 ✅ 3 ms]
Running nanoda on bugs/large-elim-prop-bool... [👎 ✅ 6 ms]
Running nanoda on bugs/level-imax-leq... [👎 ✅ 4 ms]
Running nanoda on bugs/level-imax-normalization... [👎 ✅ 7 ms]
Running nanoda on bugs/nat-rec-k-lie... [👎 ✅ 5 ms]
Running nanoda on bugs/nat-rec-rules... [👎 ✅ 5 ms]
Running nanoda on bugs/nested-unused-param... [👎 ✅ 5 ms]
Running nanoda on bugs/orphan-rec... [👎 ✅ 4 ms]
Running nanoda on bugs/proj-non-structure... [👎 ✅ 6 ms]
Running nanoda on bugs/proj-of-imax-prop... [👎 ✅ 6 ms]
Running nanoda on bugs/proj-of-stuck-prop... [👎 ✅ 11 ms]
Running nanoda on bugs/proj-of-subst-prop... [👎 ✅ 7 ms]
Running nanoda on bugs/rec-k-lie... [👎 ✅ 5 ms]
Running nanoda on bugs/rec-missing-ih... [👎 ✅ 7 ms]
Running nanoda on bugs/rec-of-subst-prop... [👎 ✅ 8 ms]

============================================================
Summary:
============================================================
  correct: 18 ✅
