Running parse-only on corner-cases/alg-conv-trans-acc... [👍 🤷 28 ms]
Running parse-only on corner-cases/alg-conv-trans-acc-left... [👍 🤷 28 ms]
Running parse-only on corner-cases/alg-conv-trans-acc-right... [👍 🤷 27 ms]
Running parse-only on corner-cases/alg-conv-trans-quot... [👍 🤷 26 ms]
Running parse-only on corner-cases/alg-conv-trans-quot-left... [👍 🤷 27 ms]
Running parse-only on corner-cases/alg-conv-trans-quot-left-def... [👍 🤷 26 ms]
Running parse-only on corner-cases/alg-conv-trans-quot-right... [👍 🤷 26 ms]
Running parse-only on corner-cases/eta-ctor... [👍 🤷 26 ms]
Running parse-only on corner-cases/eta-rule-k... [👍 🤷 25 ms]
Running parse-only on corner-cases/imax-right-successor... [👍 🤷 25 ms]
Running parse-only on corner-cases/let-value-type-mismatch... [👍 🤷 26 ms]
Running parse-only on corner-cases/nested-nonuniform-param... [👍 🤷 26 ms]
Running parse-only on corner-cases/positivity-whnf... [👍 🤷 25 ms]
Running parse-only on corner-cases/proj-maybe-prop... [👍 🤷 26 ms]
Running parse-only on corner-cases/proj-maybe-prop-past... [👍 🤷 24 ms]
Running parse-only on corner-cases/proof-param-ok... [👍 ✅ 25 ms]
Running parse-only on corner-cases/proof-param-swap... [👍 🤷 25 ms]
Running parse-only on corner-cases/subject-reduction-redex... [👍 🤷 27 ms]
Running parse-only on corner-cases/subject-reduction-reduct... [👍 🤷 27 ms]

============================================================
Summary:
============================================================
  correct: 1 ✅
  either: 18 🤷
