Running official on bugs/constlevels... [👎 ✅ 27 ms]
Running official on bugs/ctor-num-fields... [👎 ✅ 28 ms]
Running official on bugs/k-rec-conv... [👎 ✅ 26 ms]
Running official on bugs/large-elim-param... [👎 ✅ 27 ms]
Running official on bugs/large-elim-prop-bool... [👎 ✅ 28 ms]
Running official on bugs/level-imax-leq... [👎 ✅ 27 ms]
Running official on bugs/level-imax-normalization... [👎 ✅ 27 ms]
Running official on bugs/nat-rec-k-lie... [👎 ✅ 27 ms]
Running official on bugs/nat-rec-rules... [👎 ✅ 28 ms]
Running official on bugs/nested-unused-param... [👎 ✅ 28 ms]
Running official on bugs/orphan-rec... [👎 ✅ 26 ms]
Running official on bugs/proj-non-structure... [👎 ✅ 27 ms]
Running official on bugs/proj-of-imax-prop... [👎 ✅ 27 ms]
Running official on bugs/proj-of-stuck-prop... [👎 ✅ 39 ms]
Running official on bugs/proj-of-subst-prop... [👎 ✅ 37 ms]
Running official on bugs/rec-k-lie... [👎 ✅ 28 ms]
Running official on bugs/rec-missing-ih... [👎 ✅ 38 ms]
Running official on bugs/rec-of-subst-prop... [👎 ✅ 39 ms]

============================================================
Summary:
============================================================
  correct: 18 ✅
