Running lazylean on perf/app-lam... [👍 ✅ 1.8 s]
Running lazylean on perf/args-before-unfold... [👍 ✅ 18 ms]
Running lazylean on perf/beta-ladder... [👍 ✅ 361 ms]
Running lazylean on perf/church-numerals... [👍 ✅ 26 ms]
Running lazylean on perf/discarded-argument... [👍 ✅ 21 ms]
Running lazylean on perf/discarded-argument-match... [👍 ✅ 34 ms]
Running lazylean on perf/folded-constant-first... [👍 ✅ 19 ms]
Running lazylean on perf/folded-constant-last... [👍 ✅ 18 ms]
Running lazylean on perf/fueled-chain... [👍 ✅ 70 ms]
Running lazylean on perf/grind-ring-5... [👍 ✅ 377 ms]
Running lazylean on perf/identical-nesting... [👍 ✅ 13 ms]
Running lazylean on perf/irrelevance-before-evaluation... [👍 ✅ 13 ms]
Running lazylean on perf/let-ladder... [👍 ✅ 189 ms]
Running lazylean on perf/magma-list-deep-n21... [👍 ✅ 162 ms]
Running lazylean on perf/magma-list-deep-n36... [👍 ✅ 1.4 s]
Running lazylean on perf/magma-list-pair-n21... [👍 ✅ 6.1 s]
Running lazylean on perf/magma-list-pair-n7... [👍 ✅ 496 ms]
Running lazylean on perf/magma-string-n4... [👍 ✅ 496 ms]
Running lazylean on perf/magma-string-pair-n9... [👍 ✅ 1.3 s]
Running lazylean on perf/proj-cheap-struct... [👍 ✅ 15 ms]
Running lazylean on perf/proj-lazy-struct... [👍 ✅ 14 ms]
Running lazylean on perf/proj-stuck-struct... [👍 ✅ 13 ms]
Running lazylean on perf/refute-cheap-first... [👎 ✅ 22 ms]
Running lazylean on perf/refute-cheap-last... [👎 ✅ 21 ms]
Running lazylean on perf/repeated-subproblem... [👍 ✅ 14 ms]
Running lazylean on perf/shared-subterm... [👍 ✅ 31 ms]
Running lazylean on perf/shift-cascade... [👍 ✅ 71 ms]
Running lazylean on perf/unroll-versus-evaluate... [👍 ✅ 11 ms]

============================================================
Summary:
============================================================
  correct: 28 ✅
