Running lazylean on bugs/constlevels... [👎 ✅ 16 ms]
Running lazylean on bugs/ctor-num-fields... [👎 ✅ 12 ms]
Running lazylean on bugs/k-rec-conv... [👎 ✅ 13 ms]
Running lazylean on bugs/large-elim-param... [👎 ✅ 13 ms]
Running lazylean on bugs/large-elim-prop-bool... [👎 ✅ 12 ms]
Running lazylean on bugs/level-imax-leq... [👎 ✅ 13 ms]
Running lazylean on bugs/level-imax-normalization... [👎 ✅ 15 ms]
Running lazylean on bugs/nat-rec-k-lie... [👎 ✅ 12 ms]
Running lazylean on bugs/nat-rec-rules... [👎 ✅ 12 ms]
Running lazylean on bugs/nested-unused-param... [👎 ✅ 18 ms]
Running lazylean on bugs/orphan-rec... [👎 ✅ 13 ms]
Running lazylean on bugs/proj-non-structure... [👎 ✅ 15 ms]
Running lazylean on bugs/proj-of-imax-prop... [👎 ✅ 13 ms]
Running lazylean on bugs/proj-of-stuck-prop... [👎 ✅ 24 ms]
Running lazylean on bugs/proj-of-subst-prop... [👎 ✅ 47 ms]
Running lazylean on bugs/rec-k-lie... [👎 ✅ 28 ms]
Running lazylean on bugs/rec-missing-ih... [👎 ✅ 52 ms]
Running lazylean on bugs/rec-of-subst-prop... [👎 ✅ 26 ms]

============================================================
Summary:
============================================================
  correct: 18 ✅
