Running official on perf/app-lam... [👍 ✅ 2.6 s]
Running official on perf/args-before-unfold... [👍 ✅ 29 ms]
Running official on perf/beta-ladder... [👍 ✅ 798 ms]
Running official on perf/church-numerals... [👍 ✅ 37 ms]
Running official on perf/discarded-argument... [👍 ✅ 69 ms]
Running official on perf/discarded-argument-match... [👍 ✅ 63 ms]
Running official on perf/folded-constant-first... [👍 ✅ 31 ms]
Running official on perf/folded-constant-last... [👍 ✅ 32 ms]
Running official on perf/fueled-chain... [👍 ✅ 75 ms]
Running official on perf/grind-ring-5... [👍 ✅ 1.1 s]
Running official on perf/identical-nesting... [👍 ✅ 27 ms]
Running official on perf/irrelevance-before-evaluation... [👍 ✅ 28 ms]
Running official on perf/let-ladder... [👍 ✅ 432 ms]
Running official on perf/magma-list-deep-n21... [👍 ✅ 1.8 s]
Running official on perf/magma-list-deep-n36... [👍 ✅ 29.4 s]
Running official on perf/magma-list-pair-n21... [👍 ✅ 15.5 s]
Running official on perf/magma-list-pair-n7... [👍 ✅ 1.2 s]
Running official on perf/magma-string-n4... [👍 ✅ 1.7 s]
Running official on perf/magma-string-pair-n9... [👍 ✅ 4.9 s]
Running official on perf/proj-cheap-struct... [👍 ✅ 30 ms]
Running official on perf/proj-lazy-struct... [👍 ✅ 29 ms]
Running official on perf/proj-stuck-struct... [👍 ✅ 29 ms]
Running official on perf/refute-cheap-first... [👎 ✅ 34 ms]
Running official on perf/refute-cheap-last... [👎 ✅ 74 ms]
Running official on perf/repeated-subproblem... [👍 ✅ 27 ms]
Running official on perf/shared-subterm... [👍 ✅ 39 ms]
Running official on perf/shift-cascade... [👍 ✅ 33 ms]
Running official on perf/unroll-versus-evaluate... [👍 ✅ 28 ms]

============================================================
Summary:
============================================================
  correct: 28 ✅
