repeat=0 mode=executable streams=156
{"repeat": 0, "mode": "executable", "streams": 156, "checks": 440, "differing_streams": [], "missing_streams": [], "incomplete_streams": [], "execution_failures": []}
repeat=0 mode=fresh streams=156
{"repeat": 0, "mode": "fresh", "streams": 156, "checks": 440, "differing_streams": [46, 49, 73, 90, 103], "missing_streams": [], "incomplete_streams": [], "execution_failures": [49, 73, 90, 103]}
repeat=0 mode=split streams=156
{"repeat": 0, "mode": "split", "streams": 156, "checks": 440, "differing_streams": [46, 49, 73, 90, 103], "missing_streams": [], "incomplete_streams": [], "execution_failures": [49, 73, 90, 103]}
repeat=0 mode=branch streams=156
{"repeat": 0, "mode": "branch", "streams": 156, "checks": 440, "differing_streams": [46, 49, 73, 90, 103], "missing_streams": [], "incomplete_streams": [], "execution_failures": ["2d9e41f95bd0d31c10fae7fc7a59c32a1c0cca60d64657b1969e12e61824be3c"]}
repeat=1 mode=branch streams=156
{"repeat": 1, "mode": "branch", "streams": 156, "checks": 440, "differing_streams": [46, 49, 73, 90, 103], "missing_streams": [], "incomplete_streams": [], "execution_failures": ["2d9e41f95bd0d31c10fae7fc7a59c32a1c0cca60d64657b1969e12e61824be3c"]}
repeat=1 mode=split streams=156
{"repeat": 1, "mode": "split", "streams": 156, "checks": 440, "differing_streams": [46, 49, 73, 90, 103], "missing_streams": [], "incomplete_streams": [], "execution_failures": [49, 73, 90, 103]}
repeat=1 mode=fresh streams=156
{"repeat": 1, "mode": "fresh", "streams": 156, "checks": 440, "differing_streams": [46, 49, 73, 90, 103], "missing_streams": [], "incomplete_streams": [], "execution_failures": [49, 73, 90, 103]}
repeat=1 mode=executable streams=156
{"repeat": 1, "mode": "executable", "streams": 156, "checks": 440, "differing_streams": [], "missing_streams": [], "incomplete_streams": [], "execution_failures": []}
repeat=2 mode=executable streams=156
{"repeat": 2, "mode": "executable", "streams": 156, "checks": 440, "differing_streams": [], "missing_streams": [], "incomplete_streams": [], "execution_failures": []}
repeat=2 mode=fresh streams=156
{"repeat": 2, "mode": "fresh", "streams": 156, "checks": 440, "differing_streams": [46, 49, 73, 90, 103], "missing_streams": [], "incomplete_streams": [], "execution_failures": [49, 73, 90, 103]}
repeat=2 mode=split streams=156
{"repeat": 2, "mode": "split", "streams": 156, "checks": 440, "differing_streams": [46, 49, 73, 90, 103], "missing_streams": [], "incomplete_streams": [], "execution_failures": [49, 73, 90, 103]}
repeat=2 mode=branch streams=156
{"repeat": 2, "mode": "branch", "streams": 156, "checks": 440, "differing_streams": [46, 49, 73, 90, 103], "missing_streams": [], "incomplete_streams": [], "execution_failures": ["2d9e41f95bd0d31c10fae7fc7a59c32a1c0cca60d64657b1969e12e61824be3c"]}
