opt = --staticlib, arg = 
opt = --githash, arg = ddb49568d3520e99799e364fb22f35fc67d887b1
Set Assembly Version (DEFAULT): 4 16 0 0
New component: 'util'
New component: 'polynomial'
New component: 'interval'
New component: 'dd'
New component: 'simplex'
New component: 'hilbert'
New component: 'realclosure'
New component: 'subpaving'
New component: 'ast'
New component: 'params'
New component: 'parser_util'
New component: 'grobner'
New component: 'rewriter'
New component: 'euf'
New component: 'normal_forms'
New component: 'macros'
New component: 'model'
New component: 'converters'
New component: 'ast_sls'
New component: 'sat'
New component: 'nlsat'
New component: 'lp'
New component: 'bit_blaster'
New component: 'substitution'
New component: 'proofs'
New component: 'simplifiers'
New component: 'tactic'
New component: 'mbp'
New component: 'qe_lite'
New component: 'solver'
New component: 'cmd_context'
New component: 'smt2parser'
New component: 'pattern'
New component: 'aig_tactic'
New component: 'ackermannization'
New component: 'fpa'
New component: 'core_tactics'
New component: 'arith_tactics'
New component: 'solver_assertions'
New component: 'subpaving_tactic'
New component: 'proto_model'
New component: 'smt'
New component: 'sat_smt'
New component: 'sat_tactic'
New component: 'nlsat_tactic'
New component: 'bv_tactics'
New component: 'fuzzing'
New component: 'smt_tactic'
New component: 'sls_tactic'
New component: 'qe'
New component: 'sat_solver'
New component: 'fd_solver'
New component: 'muz'
New component: 'dataflow'
New component: 'transforms'
New component: 'rel'
New component: 'spacer'
New component: 'clp'
New component: 'tab'
New component: 'ddnf'
New component: 'bmc'
New component: 'fp'
New component: 'smtlogic_tactics'
New component: 'ufbv_tactic'
New component: 'fpa_tactics'
New component: 'portfolio'
New component: 'opt'
New component: 'extra_cmds'
New component: 'api'
New component: 'shell'
New component: 'test'
New component: 'api_dll'
New component: 'dotnet'
New component: 'java'
New component: 'ml'
New component: 'cpp'
Python bindings directory was detected.
New component: 'python'
New component: 'python_install'
New component: 'js'
New component: 'cpp_example'
New component: 'z3_tptp'
New component: 'c_example'
New component: 'maxsat'
New component: 'dotnet_example'
New component: 'java_example'
New component: 'ml_example'
New component: 'py_example'
UpdateVersion: "Z3 4.16.0.0 ddb49568d3520e99799e364fb22f35fc67d887b1"
Generating src/util/z3_version.h from src/util/z3_version.h.in
Generated 'src/util/z3_version.h'
Generated 'src/sat/sat_asymm_branch_params.hpp'
Generated 'src/sat/sat_scc_params.hpp'
Generated 'src/sat/sat_simplifier_params.hpp'
Generated 'src/nlsat/nlsat_params.hpp'
Generated 'src/ast/pp_params.hpp'
Generated 'src/ast/normal_forms/nnf_params.hpp'
Generated 'src/muz/base/fp_params.hpp'
Generated 'src/solver/combined_solver_params.hpp'
Generated 'src/solver/parallel_params.hpp'
Generated 'src/ackermannization/ackermannization_params.hpp'
Generated 'src/ackermannization/ackermannize_bv_tactic_params.hpp'
Generated 'src/params/seq_rewriter_params.hpp'
Generated 'src/params/arith_rewriter_params.hpp'
Generated 'src/params/bool_rewriter_params.hpp'
Generated 'src/params/tactic_params.hpp'
Generated 'src/params/smt_params_helper.hpp'
Generated 'src/params/bv_rewriter_params.hpp'
Generated 'src/params/sat_params.hpp'
Generated 'src/params/fpa2bv_rewriter_params.hpp'
Generated 'src/params/poly_rewriter_params.hpp'
Generated 'src/params/array_rewriter_params.hpp'
Generated 'src/params/rewriter_params.hpp'
Generated 'src/params/smt_parallel_params.hpp'
Generated 'src/params/sls_params.hpp'
Generated 'src/params/solver_params.hpp'
Generated 'src/params/pattern_inference_params_helper.hpp'
Generated 'src/params/fpa_rewriter_params.hpp'
Generated 'src/math/lp/lp_params_helper.hpp'
Generated 'src/math/realclosure/rcf_params.hpp'
Generated 'src/math/polynomial/algebraic_params.hpp'
Generated 'src/opt/opt_params.hpp'
Generated 'src/model/model_evaluator_params.hpp'
Generated 'src/model/model_params.hpp'
Generated 'src/parsers/util/parser_params.hpp'
Generated 'src/tactic/smtlogics/qfufbv_tactic_params.hpp'
Generated 'src/ast/pattern/database.h'
Component api
Component portfolio
Component simplifiers
Component euf
Component ast
Component util
Component polynomial
Component rewriter
Component interval
Component params
Component normal_forms
Component bit_blaster
Component converters
Component model
Component macros
Component substitution
Component smtlogic_tactics
Component ackermannization
Component solver
Component tactic
Component qe_lite
Component mbp
Component simplex
Component proofs
Component sat_solver
Component core_tactics
Component pattern
Component smt2parser
Component cmd_context
Component parser_util
Component aig_tactic
Component bv_tactics
Component arith_tactics
Component sat
Component dd
Component ast_sls
Component grobner
Component sat_tactic
Component sat_smt
Component smt
Component proto_model
Component solver_assertions
Component fpa
Component lp
Component nlsat
Component nlsat_tactic
Component smt_tactic
Component fp
Component muz
Component qe
Component clp
Component transforms
Component hilbert
Component dataflow
Component tab
Component rel
Component bmc
Component fd_solver
Component ddnf
Component spacer
Component ufbv_tactic
Component fpa_tactics
Component sls_tactic
Component subpaving_tactic
Component subpaving
Component realclosure
Component opt
Component extra_cmds
Component shell
Generated 'src/shell/install_tactic.cpp'
Component api
Component portfolio
Component simplifiers
Component euf
Component ast
Component util
Component polynomial
Component rewriter
Component interval
Component params
Component normal_forms
Component bit_blaster
Component converters
Component model
Component macros
Component substitution
Component smtlogic_tactics
Component ackermannization
Component solver
Component tactic
Component qe_lite
Component mbp
Component simplex
Component proofs
Component sat_solver
Component core_tactics
Component pattern
Component smt2parser
Component cmd_context
Component parser_util
Component aig_tactic
Component bv_tactics
Component arith_tactics
Component sat
Component dd
Component ast_sls
Component grobner
Component sat_tactic
Component sat_smt
Component smt
Component proto_model
Component solver_assertions
Component fpa
Component lp
Component nlsat
Component nlsat_tactic
Component smt_tactic
Component fp
Component muz
Component qe
Component clp
Component transforms
Component hilbert
Component dataflow
Component tab
Component rel
Component bmc
Component fd_solver
Component ddnf
Component spacer
Component ufbv_tactic
Component fpa_tactics
Component sls_tactic
Component subpaving_tactic
Component subpaving
Component realclosure
Component opt
Component extra_cmds
Component fuzzing
Component test
Generated 'src/test/install_tactic.cpp'
Component api
Component portfolio
Component simplifiers
Component euf
Component ast
Component util
Component polynomial
Component rewriter
Component interval
Component params
Component normal_forms
Component bit_blaster
Component converters
Component model
Component macros
Component substitution
Component smtlogic_tactics
Component ackermannization
Component solver
Component tactic
Component qe_lite
Component mbp
Component simplex
Component proofs
Component sat_solver
Component core_tactics
Component pattern
Component smt2parser
Component cmd_context
Component parser_util
Component aig_tactic
Component bv_tactics
Component arith_tactics
Component sat
Component dd
Component ast_sls
Component grobner
Component sat_tactic
Component sat_smt
Component smt
Component proto_model
Component solver_assertions
Component fpa
Component lp
Component nlsat
Component nlsat_tactic
Component smt_tactic
Component fp
Component muz
Component qe
Component clp
Component transforms
Component hilbert
Component dataflow
Component tab
Component rel
Component bmc
Component fd_solver
Component ddnf
Component spacer
Component ufbv_tactic
Component fpa_tactics
Component sls_tactic
Component subpaving_tactic
Component subpaving
Component realclosure
Component opt
Component extra_cmds
Component api_dll
Generated 'src/api/dll/install_tactic.cpp'
Generated 'src/shell/mem_initializer.cpp'
Generated 'src/test/mem_initializer.cpp'
Generated 'src/api/dll/mem_initializer.cpp'
Generated 'src/shell/gparams_register_modules.cpp'
Generated 'src/test/gparams_register_modules.cpp'
Generated 'src/api/dll/gparams_register_modules.cpp'
Generated 'src/api/python/z3/z3consts.py
Generated 'src/api/api_log_macros.h'
Generated 'src/api/api_log_macros.cpp'
Generated 'src/api/api_commands.cpp'
Generated 'src/api/python/z3/z3core.py'
Listing 'src/api/python/z3'...
Compiling 'src/api/python/z3/__init__.py'...
Compiling 'src/api/python/z3/z3.py'...
Compiling 'src/api/python/z3/z3consts.py'...
Compiling 'src/api/python/z3/z3core.py'...
Compiling 'src/api/python/z3/z3num.py'...
Compiling 'src/api/python/z3/z3poly.py'...
Compiling 'src/api/python/z3/z3printer.py'...
Compiling 'src/api/python/z3/z3rcf.py'...
Compiling 'src/api/python/z3/z3types.py'...
Compiling 'src/api/python/z3/z3util.py'...
Generated python bytecode
Copied 'z3.py'
Copied 'z3poly.py'
Copied 'z3consts.py'
Copied 'z3rcf.py'
Copied 'z3util.py'
Copied 'z3types.py'
Copied 'z3core.py'
Copied 'z3num.py'
Copied '__init__.py'
Copied 'z3printer.py'
Copied 'z3core.cpython-313.pyc'
Copied 'z3printer.cpython-313.pyc'
Copied 'z3.cpython-313.pyc'
Copied 'z3types.cpython-313.pyc'
Copied 'z3num.cpython-313.pyc'
Copied 'z3rcf.cpython-313.pyc'
Copied 'z3poly.cpython-313.pyc'
Copied '__init__.cpython-313.pyc'
Copied 'z3consts.cpython-313.pyc'
Copied 'z3util.cpython-313.pyc'
Testing ar...
Testing g++...
Testing gcc...
Testing floating point support...
Host platform:  Linux
C++ Compiler:   g++
C Compiler  :   gcc
Archive Tool:   ar
Arithmetic:     internal
Prefix:         /usr
64-bit:         True
FP math:        SSE2-GCC
libatomic:      not required
Python pkg dir: /usr/local/lib/python3.13/dist-packages
Python version: 3.13
Writing build/Makefile
Copied Z3Py example 'proofreplay.py' to 'build/python'
Copied Z3Py example 'trafficjam.py' to 'build/python'
Copied Z3Py example 'efsmt.py' to 'build/python'
Copied Z3Py example 'union_sort.py' to 'build/python'
Copied Z3Py example 'example.py' to 'build/python'
Copied Z3Py example 'socrates.py' to 'build/python'
Copied Z3Py example 'mini_ic3.py' to 'build/python'
Copied Z3Py example 'bincover.py' to 'build/python'
Copied Z3Py example 'parallel.py' to 'build/python'
Copied Z3Py example 'simplify_formula.py' to 'build/python'
Copied Z3Py example 'hs.py' to 'build/python'
Copied Z3Py example 'all_interval_series.py' to 'build/python'
Copied Z3Py example 'prooflogs.py' to 'build/python'
Copied Z3Py example 'mini_quip.py' to 'build/python'
Copied Z3Py example 'rc2.py' to 'build/python'
Copied Z3Py example 'visitor.py' to 'build/python'
Makefile was successfully generated.
  compilation mode: Release
Type 'cd build; make' to build Z3
