{
  "declared_repetitions": 3,
  "expected_processes": 1872,
  "actual_processes": 1872,
  "duplicate_jobs": [],
  "duplicate_cells": [],
  "missing_cells": [],
  "unexpected_cells": [],
  "completion": {
    "terminal": true,
    "completed_processes": 1872,
    "repetitions": 3,
    "load_after": "5.26 3.85 3.58 3/4979 71617\n"
  },
  "incomplete_frames": [],
  "nonzero_exits": [
    [
      0,
      "eager",
      49,
      1
    ],
    [
      0,
      "eager",
      73,
      1
    ],
    [
      0,
      "eager",
      90,
      1
    ],
    [
      0,
      "eager",
      103,
      1
    ],
    [
      1,
      "eager",
      49,
      1
    ],
    [
      1,
      "eager",
      73,
      1
    ],
    [
      1,
      "eager",
      90,
      1
    ],
    [
      1,
      "eager",
      103,
      1
    ],
    [
      2,
      "eager",
      49,
      1
    ],
    [
      2,
      "eager",
      73,
      1
    ],
    [
      2,
      "eager",
      90,
      1
    ],
    [
      2,
      "eager",
      103,
      1
    ]
  ],
  "matrix_complete": true,
  "terminal_complete": true
}
