Found 2 bib entries (2 active)

--- leanpolishPaper (line 1) ---
  Verified: unknown
  Querying arXiv: 2609.38384
  OK title
  OK year
  OK author count (1 vs 1)
  SKIP venue (not available from API)

--- leanpolishSource (line 6) ---
  Verified: unknown
  No API match; checking URL: https://raw.githubusercontent.com/paulinebourigault/leanpoli...
  OK URL reachable via HEAD (HTTP 200)
  SKIP metadata comparison (API unavailable)


============================================================
Total entries checked: 2
Errors (must fix): 0
Warnings (should review): 0

INFO: 2 entries still unverified:
  - leanpolishPaper
  - leanpolishSource

OK: No VERIFIED entries have mismatches
