info: syncing channel updates for 1.76.0-x86_64-unknown-linux-gnu
info: latest update on 2024-02-08 for version 1.76.0 (07dca489a 2024-02-04)
info: component llvm-tools is up to date
info: component rustc-dev is up to date
info: component rustfmt is up to date

  1.76.0-x86_64-unknown-linux-gnu unchanged - rustc 1.76.0 (07dca489a 2024-02-04)

info: checking for self-update (current version: 1.29.0)
info: downloading self-update (new version: 1.29.1)
  % Total    % Received % Xferd  Average Speed   Time    Time     Time  Current
                                 Dload  Upload   Total   Spent    Left  Speed
  0     0    0     0    0     0      0      0 --:--:-- --:--:-- --:--:--     0  0     0    0     0    0     0      0      0 --:--:-- --:--:-- --:--:--     0
  0     0    0     0    0     0      0      0 --:--:-- --:--:-- --:--:--     0100 45.9M  100 45.9M    0     0  62.6M      0 --:--:-- --:--:-- --:--:-- 95.8M
Archive:  /workspaces/.agent-state/gpu-smt-deps/autoverus-verus-33269/z3-4.12.5-x64-glibc-2.31.zip
  inflating: /workspaces/.agent-state/gpu-smt-deps/autoverus-verus-33269/z3-4.12.5-x64-glibc-2.31/LICENSE.txt  
  inflating: /workspaces/.agent-state/gpu-smt-deps/autoverus-verus-33269/z3-4.12.5-x64-glibc-2.31/include/z3_rcf.h  
  inflating: /workspaces/.agent-state/gpu-smt-deps/autoverus-verus-33269/z3-4.12.5-x64-glibc-2.31/include/z3_v1.h  
  inflating: /workspaces/.agent-state/gpu-smt-deps/autoverus-verus-33269/z3-4.12.5-x64-glibc-2.31/include/z3.h  
  inflating: /workspaces/.agent-state/gpu-smt-deps/autoverus-verus-33269/z3-4.12.5-x64-glibc-2.31/include/z3_fixedpoint.h  
  inflating: /workspaces/.agent-state/gpu-smt-deps/autoverus-verus-33269/z3-4.12.5-x64-glibc-2.31/include/z3_version.h  
  inflating: /workspaces/.agent-state/gpu-smt-deps/autoverus-verus-33269/z3-4.12.5-x64-glibc-2.31/include/z3_spacer.h  
  inflating: /workspaces/.agent-state/gpu-smt-deps/autoverus-verus-33269/z3-4.12.5-x64-glibc-2.31/include/z3_optimization.h  
  inflating: /workspaces/.agent-state/gpu-smt-deps/autoverus-verus-33269/z3-4.12.5-x64-glibc-2.31/include/z3_ast_containers.h  
  inflating: /workspaces/.agent-state/gpu-smt-deps/autoverus-verus-33269/z3-4.12.5-x64-glibc-2.31/include/z3++.h  
  inflating: /workspaces/.agent-state/gpu-smt-deps/autoverus-verus-33269/z3-4.12.5-x64-glibc-2.31/include/z3_macros.h  
  inflating: /workspaces/.agent-state/gpu-smt-deps/autoverus-verus-33269/z3-4.12.5-x64-glibc-2.31/include/z3_polynomial.h  
  inflating: /workspaces/.agent-state/gpu-smt-deps/autoverus-verus-33269/z3-4.12.5-x64-glibc-2.31/include/z3_api.h  
  inflating: /workspaces/.agent-state/gpu-smt-deps/autoverus-verus-33269/z3-4.12.5-x64-glibc-2.31/include/z3_fpa.h  
  inflating: /workspaces/.agent-state/gpu-smt-deps/autoverus-verus-33269/z3-4.12.5-x64-glibc-2.31/include/z3_algebraic.h  
  inflating: /workspaces/.agent-state/gpu-smt-deps/autoverus-verus-33269/z3-4.12.5-x64-glibc-2.31/bin/com.microsoft.z3.jar  
  inflating: /workspaces/.agent-state/gpu-smt-deps/autoverus-verus-33269/z3-4.12.5-x64-glibc-2.31/bin/Microsoft.Z3.deps.json  
  inflating: /workspaces/.agent-state/gpu-smt-deps/autoverus-verus-33269/z3-4.12.5-x64-glibc-2.31/bin/libz3java.so  
  inflating: /workspaces/.agent-state/gpu-smt-deps/autoverus-verus-33269/z3-4.12.5-x64-glibc-2.31/bin/z3  
  inflating: /workspaces/.agent-state/gpu-smt-deps/autoverus-verus-33269/z3-4.12.5-x64-glibc-2.31/bin/libz3.so  
  inflating: /workspaces/.agent-state/gpu-smt-deps/autoverus-verus-33269/z3-4.12.5-x64-glibc-2.31/bin/Microsoft.Z3.dll  
  inflating: /workspaces/.agent-state/gpu-smt-deps/autoverus-verus-33269/z3-4.12.5-x64-glibc-2.31/bin/Microsoft.Z3.xml  
  inflating: /workspaces/.agent-state/gpu-smt-deps/autoverus-verus-33269/z3-4.12.5-x64-glibc-2.31/bin/libz3.a  
  inflating: /workspaces/.agent-state/gpu-smt-deps/autoverus-verus-33269/z3-4.12.5-x64-glibc-2.31/bin/python/example.py  
  inflating: /workspaces/.agent-state/gpu-smt-deps/autoverus-verus-33269/z3-4.12.5-x64-glibc-2.31/bin/python/z3/z3num.py  
  inflating: /workspaces/.agent-state/gpu-smt-deps/autoverus-verus-33269/z3-4.12.5-x64-glibc-2.31/bin/python/z3/z3consts.py  
  inflating: /workspaces/.agent-state/gpu-smt-deps/autoverus-verus-33269/z3-4.12.5-x64-glibc-2.31/bin/python/z3/z3core.py  
  inflating: /workspaces/.agent-state/gpu-smt-deps/autoverus-verus-33269/z3-4.12.5-x64-glibc-2.31/bin/python/z3/__init__.py  
  inflating: /workspaces/.agent-state/gpu-smt-deps/autoverus-verus-33269/z3-4.12.5-x64-glibc-2.31/bin/python/z3/z3.py  
  inflating: /workspaces/.agent-state/gpu-smt-deps/autoverus-verus-33269/z3-4.12.5-x64-glibc-2.31/bin/python/z3/z3rcf.py  
  inflating: /workspaces/.agent-state/gpu-smt-deps/autoverus-verus-33269/z3-4.12.5-x64-glibc-2.31/bin/python/z3/z3printer.py  
  inflating: /workspaces/.agent-state/gpu-smt-deps/autoverus-verus-33269/z3-4.12.5-x64-glibc-2.31/bin/python/z3/z3types.py  
  inflating: /workspaces/.agent-state/gpu-smt-deps/autoverus-verus-33269/z3-4.12.5-x64-glibc-2.31/bin/python/z3/z3util.py  
  inflating: /workspaces/.agent-state/gpu-smt-deps/autoverus-verus-33269/z3-4.12.5-x64-glibc-2.31/bin/python/z3/z3poly.py  
  inflating: /workspaces/.agent-state/gpu-smt-deps/autoverus-verus-33269/z3-4.12.5-x64-glibc-2.31/bin/python/z3/__pycache__/z3rcf.cpython-38.pyc  
  inflating: /workspaces/.agent-state/gpu-smt-deps/autoverus-verus-33269/z3-4.12.5-x64-glibc-2.31/bin/python/z3/__pycache__/z3poly.cpython-38.pyc  
  inflating: /workspaces/.agent-state/gpu-smt-deps/autoverus-verus-33269/z3-4.12.5-x64-glibc-2.31/bin/python/z3/__pycache__/__init__.cpython-38.pyc  
  inflating: /workspaces/.agent-state/gpu-smt-deps/autoverus-verus-33269/z3-4.12.5-x64-glibc-2.31/bin/python/z3/__pycache__/z3types.cpython-38.pyc  
  inflating: /workspaces/.agent-state/gpu-smt-deps/autoverus-verus-33269/z3-4.12.5-x64-glibc-2.31/bin/python/z3/__pycache__/z3.cpython-38.pyc  
  inflating: /workspaces/.agent-state/gpu-smt-deps/autoverus-verus-33269/z3-4.12.5-x64-glibc-2.31/bin/python/z3/__pycache__/z3printer.cpython-38.pyc  
  inflating: /workspaces/.agent-state/gpu-smt-deps/autoverus-verus-33269/z3-4.12.5-x64-glibc-2.31/bin/python/z3/__pycache__/z3num.cpython-38.pyc  
  inflating: /workspaces/.agent-state/gpu-smt-deps/autoverus-verus-33269/z3-4.12.5-x64-glibc-2.31/bin/python/z3/__pycache__/z3consts.cpython-38.pyc  
  inflating: /workspaces/.agent-state/gpu-smt-deps/autoverus-verus-33269/z3-4.12.5-x64-glibc-2.31/bin/python/z3/__pycache__/z3core.cpython-38.pyc  
  inflating: /workspaces/.agent-state/gpu-smt-deps/autoverus-verus-33269/z3-4.12.5-x64-glibc-2.31/bin/python/z3/__pycache__/z3util.cpython-38.pyc  
building vargo
    Finished release [optimized] target(s) in 0.01s
fatal: not a git repository (or any parent up to mount point /)
Stopping at filesystem boundary (GIT_DISCOVERY_ACROSS_FILESYSTEM not set).
[33mvargo warn [0]: could not obtain version info from git, this will result in a binary with an unknown version: git returned error code[0m
[34mvargo info [0]: building rust_verify[0m
    Updating git repository `https://github.com/utaal/getopts.git`
    Updating crates.io index
    Updating git repository `https://github.com/verus-lang/smt2utils.git`
 Downloading crates ...
  Downloaded autocfg v1.1.0
  Downloaded atty v0.2.14
  Downloaded arrayvec v0.4.12
  Downloaded bitmaps v2.1.0
  Downloaded bitflags v1.3.2
  Downloaded bincode v1.3.3
  Downloaded arrayvec v0.7.4
  Downloaded ansi_term v0.12.1
  Downloaded pomelo v0.1.5
  Downloaded structopt-derive v0.4.18
  Downloaded num-integer v0.1.45
  Downloaded getrandom v0.2.10
  Downloaded rand_chacha v0.3.1
  Downloaded strum_macros v0.21.1
  Downloaded generic-array v0.14.7
  Downloaded strum v0.21.0
  Downloaded blake2-rfc v0.2.18
  Downloaded unicode-xid v0.2.4
  Downloaded rand_core v0.6.4
  Downloaded num-rational v0.3.2
  Downloaded sha2 v0.10.7
  Downloaded typenum v1.16.0
  Downloaded thiserror-impl v1.0.43
  Downloaded heck v0.3.3
  Downloaded block-buffer v0.10.4
  Downloaded rand_core v0.5.1
  Downloaded number_prefix v0.4.0
  Downloaded num-iter v0.1.43
  Downloaded num v0.3.1
  Downloaded constant_time_eq v0.1.5
  Downloaded structopt v0.3.26
  Downloaded synstructure v0.12.6
  Downloaded rand_chacha v0.2.2
  Downloaded cpufeatures v0.2.9
  Downloaded rand_xoshiro v0.6.0
  Downloaded ppv-lite86 v0.2.17
  Downloaded pomelo-impl v0.1.5
  Downloaded once_cell v1.18.0
  Downloaded num-format v0.4.4
  Downloaded lazy_static v1.4.0
  Downloaded fixedbitset v0.2.0
  Downloaded version_check v0.9.4
  Downloaded vec_map v0.8.2
  Downloaded thiserror v1.0.43
  Downloaded sise v0.6.0
  Downloaded indicatif v0.16.2
  Downloaded getrandom v0.1.16
  Downloaded num-traits v0.2.16
  Downloaded textwrap v0.11.0
  Downloaded sized-chunks v0.6.5
  Downloaded unicode-segmentation v1.10.1
  Downloaded rand v0.7.3
  Downloaded num-bigint v0.3.3
  Downloaded hashbrown v0.12.3
  Downloaded indexmap v1.9.3
  Downloaded either v1.9.0
  Downloaded crypto-common v0.1.6
  Downloaded strsim v0.8.0
  Downloaded proc-macro-error-attr v1.0.4
  Downloaded num-complex v0.3.1
  Downloaded nodrop v0.1.14
  Downloaded itertools v0.10.5
  Downloaded rand v0.8.5
  Downloaded syn v1.0.109
  Downloaded serde_json v1.0.107
  Downloaded regex-syntax v0.8.2
  Downloaded regex-automata v0.4.3
  Downloaded regex v1.10.2
  Downloaded portable-atomic v1.5.0
  Downloaded petgraph v0.5.1
  Downloaded permutation_iterator v0.1.2
  Downloaded num-bigint v0.4.4
  Downloaded memchr v2.6.4
  Downloaded im v15.1.0
  Downloaded fst v0.4.7
  Downloaded clap v2.34.0
  Downloaded proc-macro-error v1.0.4
  Downloaded indicatif v0.17.7
  Downloaded digest v0.10.7
  Downloaded console v0.15.7
  Downloaded unicode-width v0.1.10
   Compiling proc-macro2 v1.0.64
   Compiling unicode-ident v1.0.10
   Compiling quote v1.0.29
   Compiling autocfg v1.1.0
   Compiling libc v0.2.147
   Compiling version_check v0.9.4
   Compiling cfg-if v1.0.0
   Compiling syn v1.0.109
   Compiling serde v1.0.171
   Compiling syn v2.0.25
   Compiling num-traits v0.2.16
   Compiling num-integer v0.1.45
   Compiling unicode-width v0.1.10
   Compiling typenum v1.16.0
   Compiling getrandom v0.1.16
   Compiling getrandom v0.2.10
   Compiling proc-macro-error-attr v1.0.4
   Compiling unicode-segmentation v1.10.1
   Compiling ppv-lite86 v0.2.17
   Compiling heck v0.3.3
   Compiling rand_core v0.6.4
   Compiling serde_derive v1.0.171
   Compiling proc-macro-error v1.0.4
   Compiling num-bigint v0.3.3
   Compiling arrayvec v0.4.12
   Compiling lazy_static v1.4.0
   Compiling rand_core v0.5.1
   Compiling generic-array v0.14.7
   Compiling num-rational v0.3.2
   Compiling num-iter v0.1.43
   Compiling memchr v2.6.4
   Compiling nodrop v0.1.14
   Compiling aho-corasick v1.0.2
   Compiling rand_chacha v0.2.2
   Compiling textwrap v0.11.0
   Compiling atty v0.2.14
   Compiling indexmap v1.9.3
   Compiling strsim v0.8.0
   Compiling fst v0.4.7
   Compiling ansi_term v0.12.1
   Compiling regex-syntax v0.8.2
   Compiling thiserror v1.0.43
   Compiling bitflags v1.3.2
   Compiling constant_time_eq v0.1.5
   Compiling vec_map v0.8.2
   Compiling clap v2.34.0
   Compiling num-complex v0.3.1
   Compiling regex-automata v0.4.3
   Compiling blake2-rfc v0.2.18
   Compiling structopt-derive v0.4.18
   Compiling pomelo-impl v0.1.5
   Compiling strum_macros v0.21.1
   Compiling rand v0.7.3
   Compiling console v0.15.7
   Compiling rand_chacha v0.3.1
   Compiling thiserror-impl v1.0.43
   Compiling hashbrown v0.12.3
   Compiling either v1.9.0
   Compiling number_prefix v0.4.0
   Compiling itertools v0.10.5
   Compiling rand v0.8.5
   Compiling num v0.3.1
   Compiling permutation_iterator v0.1.2
   Compiling pomelo v0.1.5
   Compiling strum v0.21.0
   Compiling structopt v0.3.26
   Compiling regex v1.10.2
   Compiling fixedbitset v0.2.0
   Compiling smt2parser v0.6.1 (https://github.com/verus-lang/smt2utils.git?rev=ec4c894d04d7cd39c9a8aa1eda51db71cc54fe61#ec4c894d)
   Compiling petgraph v0.5.1
   Compiling indicatif v0.16.2
   Compiling crypto-common v0.1.6
   Compiling block-buffer v0.10.4
   Compiling bitmaps v2.1.0
   Compiling im v15.1.0
   Compiling num-bigint v0.4.4
   Compiling unicode-xid v0.2.4
   Compiling portable-atomic v1.5.0
   Compiling once_cell v1.18.0
   Compiling z3tracer v0.11.2 (https://github.com/verus-lang/smt2utils.git?rev=ec4c894d04d7cd39c9a8aa1eda51db71cc54fe61#ec4c894d)
   Compiling synstructure v0.12.6
   Compiling sized-chunks v0.6.5
   Compiling digest v0.10.7
   Compiling rand_xoshiro v0.6.0
   Compiling getopts v0.2.21 (https://github.com/utaal/getopts.git?branch=parse-partial#2c09310e)
   Compiling serde_json v1.0.107
   Compiling cpufeatures v0.2.9
   Compiling sise v0.6.0
   Compiling equivalent v1.0.0
   Compiling hashbrown v0.14.0
   Compiling yansi v0.5.1
   Compiling itoa v1.0.8
   Compiling air v0.1.0 (/workspaces/.agent-state/gpu-smt-deps/autoverus-verus-33269/verus-33269ac6a0ea33a08109eefe5016c1fdd0ce9fbd/source/air)
   Compiling sha2 v0.10.7
   Compiling indexmap v2.0.0
   Compiling vir-macros v0.1.0 (/workspaces/.agent-state/gpu-smt-deps/autoverus-verus-33269/verus-33269ac6a0ea33a08109eefe5016c1fdd0ce9fbd/source/vir_macros)
   Compiling bincode v1.3.3
   Compiling arrayvec v0.7.4
   Compiling ryu v1.0.14
   Compiling num-format v0.4.4
   Compiling internals_interface v0.1.0 (/workspaces/.agent-state/gpu-smt-deps/autoverus-verus-33269/verus-33269ac6a0ea33a08109eefe5016c1fdd0ce9fbd/source/tools/internals_interface)
   Compiling indicatif v0.17.7
   Compiling vir v0.1.0 (/workspaces/.agent-state/gpu-smt-deps/autoverus-verus-33269/verus-33269ac6a0ea33a08109eefe5016c1fdd0ce9fbd/source/vir)
   Compiling rust_verify v0.1.0 (/workspaces/.agent-state/gpu-smt-deps/autoverus-verus-33269/verus-33269ac6a0ea33a08109eefe5016c1fdd0ce9fbd/source/rust_verify)
    Finished release [optimized] target(s) in 41.92s
[34mvargo info [0]: building builtin[0m
   Compiling builtin v0.1.0 (/workspaces/.agent-state/gpu-smt-deps/autoverus-verus-33269/verus-33269ac6a0ea33a08109eefe5016c1fdd0ce9fbd/source/builtin)
    Finished release [optimized] target(s) in 0.09s
[34mvargo info [0]: building builtin_macros[0m
   Compiling syn v1.0.109
   Compiling syn_verus v1.0.95 (/workspaces/.agent-state/gpu-smt-deps/autoverus-verus-33269/verus-33269ac6a0ea33a08109eefe5016c1fdd0ce9fbd/dependencies/syn)
   Compiling prettyplease_verus v0.1.15 (/workspaces/.agent-state/gpu-smt-deps/autoverus-verus-33269/verus-33269ac6a0ea33a08109eefe5016c1fdd0ce9fbd/dependencies/prettyplease)
   Compiling synstructure v0.12.6
   Compiling builtin_macros v0.1.0 (/workspaces/.agent-state/gpu-smt-deps/autoverus-verus-33269/verus-33269ac6a0ea33a08109eefe5016c1fdd0ce9fbd/source/builtin_macros)
    Finished release [optimized] target(s) in 7.63s
[34mvargo info [0]: building state_machines_macros[0m
   Compiling indexmap v1.9.3
   Compiling hashbrown v0.12.3
   Compiling state_machines_macros v0.1.0 (/workspaces/.agent-state/gpu-smt-deps/autoverus-verus-33269/verus-33269ac6a0ea33a08109eefe5016c1fdd0ce9fbd/source/state_machines_macros)
    Finished release [optimized] target(s) in 7.40s
[34mvargo info [0]: building vstd_build[0m
   Compiling vstd_build v0.1.0 (/workspaces/.agent-state/gpu-smt-deps/autoverus-verus-33269/verus-33269ac6a0ea33a08109eefe5016c1fdd0ce9fbd/source/vstd_build)
    Finished release [optimized] target(s) in 0.24s
[34mvargo info [0]: building verus[0m
 Downloading crates ...
  Downloaded adler v1.0.2
  Downloaded base64ct v1.6.0
  Downloaded chrono v0.4.26
  Downloaded zstd-safe v5.0.2+zstd.1.5.2
  Downloaded subtle v2.5.0
  Downloaded pbkdf2 v0.11.0
  Downloaded iana-time-zone v0.1.57
  Downloaded jobserver v0.1.26
  Downloaded bzip2 v0.4.4
  Downloaded inout v0.1.3
  Downloaded sha1 v0.10.5
  Downloaded zstd v0.11.2+zstd.1.5.2
  Downloaded cc v1.0.79
  Downloaded time-core v0.1.1
  Downloaded time v0.1.45
  Downloaded hmac v0.12.1
  Downloaded byteorder v1.4.3
  Downloaded crc32fast v1.3.2
  Downloaded cipher v0.4.4
  Downloaded password-hash v0.4.2
  Downloaded flate2 v1.0.26
  Downloaded zip v0.6.6
  Downloaded winnow v0.5.0
  Downloaded time v0.3.23
  Downloaded aes v0.8.3
  Downloaded toml_edit v0.19.14
  Downloaded pkg-config v0.3.27
  Downloaded miniz_oxide v0.7.1
  Downloaded bzip2-sys v0.1.11+1.0.8
  Downloaded zstd-sys v2.0.8+zstd.1.5.5
   Compiling libc v0.2.147
   Compiling pkg-config v0.3.27
   Compiling serde v1.0.171
   Compiling subtle v2.5.0
   Compiling digest v0.10.7
   Compiling memchr v2.6.4
   Compiling jobserver v0.1.26
   Compiling zstd-safe v5.0.2+zstd.1.5.2
   Compiling cc v1.0.79
   Compiling aho-corasick v1.0.2
   Compiling regex-syntax v0.8.2
   Compiling zstd-sys v2.0.8+zstd.1.5.5
   Compiling bzip2-sys v0.1.11+1.0.8
   Compiling crc32fast v1.3.2
   Compiling regex-automata v0.4.3
   Compiling num-traits v0.2.16
   Compiling inout v0.1.3
   Compiling rand_core v0.6.4
   Compiling adler v1.0.2
   Compiling base64ct v1.6.0
   Compiling miniz_oxide v0.7.1
   Compiling password-hash v0.4.2
   Compiling cipher v0.4.4
   Compiling toml_datetime v0.6.3
   Compiling serde_spanned v0.6.3
   Compiling regex v1.10.2
   Compiling sha2 v0.10.7
   Compiling hmac v0.12.1
   Compiling serde_json v1.0.107
   Compiling time-core v0.1.1
   Compiling winnow v0.5.0
   Compiling time v0.3.23
   Compiling pbkdf2 v0.11.0
   Compiling verus v0.1.0 (/workspaces/.agent-state/gpu-smt-deps/autoverus-verus-33269/verus-33269ac6a0ea33a08109eefe5016c1fdd0ce9fbd/source/verus)
   Compiling bzip2 v0.4.4
   Compiling toml_edit v0.19.14
   Compiling flate2 v1.0.26
   Compiling aes v0.8.3
   Compiling sha1 v0.10.5
   Compiling time v0.1.45
   Compiling iana-time-zone v0.1.57
   Compiling byteorder v1.4.3
   Compiling toml v0.7.6
   Compiling chrono v0.4.26
   Compiling zstd v0.11.2+zstd.1.5.2
   Compiling zip v0.6.6
    Finished release [optimized] target(s) in 12.41s
[34mvargo info [0]: vstd outdated, rebuilding[0m
   Compiling yansi v0.5.1
   Compiling vstd_build v0.1.0 (/workspaces/.agent-state/gpu-smt-deps/autoverus-verus-33269/verus-33269ac6a0ea33a08109eefe5016c1fdd0ce9fbd/source/vstd_build)
    Finished dev [unoptimized + debuginfo] target(s) in 0.28s
     Running `target/debug/vstd_build target-verus/release --release`
verification results:: 784 verified, 0 errors
