info: syncing channel updates for 1.76.0-x86_64-unknown-linux-gnu
info: latest update on 2024-02-08 for version 1.76.0 (07dca489a 2024-02-04)
info: component llvm-tools is up to date
info: component rustc-dev is up to date
info: component rustfmt is up to date

  1.76.0-x86_64-unknown-linux-gnu unchanged - rustc 1.76.0 (07dca489a 2024-02-04)

info: checking for self-update (current version: 1.29.0)
info: downloading self-update (new version: 1.29.1)
  % Total    % Received % Xferd  Average Speed   Time    Time     Time  Current
                                 Dload  Upload   Total   Spent    Left  Speed
  0     0    0     0    0     0      0      0 --:--:-- --:--:-- --:--:--     0  0     0    0     0    0     0      0      0 --:--:-- --:--:-- --:--:--     0  0     0    0     0    0     0      0      0 --:--:-- --:--:-- --:--:--     0
100 45.9M  100 45.9M    0     0  44.6M      0  0:00:01  0:00:01 --:--:-- 44.6M
Archive:  /workspaces/.agent-state/gpu-smt-deps/autoverus-verus-33269/z3-4.12.5-x64-glibc-2.31.zip
  inflating: /workspaces/.agent-state/gpu-smt-deps/autoverus-verus-33269/z3-4.12.5-x64-glibc-2.31/LICENSE.txt  
  inflating: /workspaces/.agent-state/gpu-smt-deps/autoverus-verus-33269/z3-4.12.5-x64-glibc-2.31/include/z3_rcf.h  
  inflating: /workspaces/.agent-state/gpu-smt-deps/autoverus-verus-33269/z3-4.12.5-x64-glibc-2.31/include/z3_v1.h  
  inflating: /workspaces/.agent-state/gpu-smt-deps/autoverus-verus-33269/z3-4.12.5-x64-glibc-2.31/include/z3.h  
  inflating: /workspaces/.agent-state/gpu-smt-deps/autoverus-verus-33269/z3-4.12.5-x64-glibc-2.31/include/z3_fixedpoint.h  
  inflating: /workspaces/.agent-state/gpu-smt-deps/autoverus-verus-33269/z3-4.12.5-x64-glibc-2.31/include/z3_version.h  
  inflating: /workspaces/.agent-state/gpu-smt-deps/autoverus-verus-33269/z3-4.12.5-x64-glibc-2.31/include/z3_spacer.h  
  inflating: /workspaces/.agent-state/gpu-smt-deps/autoverus-verus-33269/z3-4.12.5-x64-glibc-2.31/include/z3_optimization.h  
  inflating: /workspaces/.agent-state/gpu-smt-deps/autoverus-verus-33269/z3-4.12.5-x64-glibc-2.31/include/z3_ast_containers.h  
  inflating: /workspaces/.agent-state/gpu-smt-deps/autoverus-verus-33269/z3-4.12.5-x64-glibc-2.31/include/z3++.h  
  inflating: /workspaces/.agent-state/gpu-smt-deps/autoverus-verus-33269/z3-4.12.5-x64-glibc-2.31/include/z3_macros.h  
  inflating: /workspaces/.agent-state/gpu-smt-deps/autoverus-verus-33269/z3-4.12.5-x64-glibc-2.31/include/z3_polynomial.h  
  inflating: /workspaces/.agent-state/gpu-smt-deps/autoverus-verus-33269/z3-4.12.5-x64-glibc-2.31/include/z3_api.h  
  inflating: /workspaces/.agent-state/gpu-smt-deps/autoverus-verus-33269/z3-4.12.5-x64-glibc-2.31/include/z3_fpa.h  
  inflating: /workspaces/.agent-state/gpu-smt-deps/autoverus-verus-33269/z3-4.12.5-x64-glibc-2.31/include/z3_algebraic.h  
  inflating: /workspaces/.agent-state/gpu-smt-deps/autoverus-verus-33269/z3-4.12.5-x64-glibc-2.31/bin/com.microsoft.z3.jar  
  inflating: /workspaces/.agent-state/gpu-smt-deps/autoverus-verus-33269/z3-4.12.5-x64-glibc-2.31/bin/Microsoft.Z3.deps.json  
  inflating: /workspaces/.agent-state/gpu-smt-deps/autoverus-verus-33269/z3-4.12.5-x64-glibc-2.31/bin/libz3java.so  
  inflating: /workspaces/.agent-state/gpu-smt-deps/autoverus-verus-33269/z3-4.12.5-x64-glibc-2.31/bin/z3  
  inflating: /workspaces/.agent-state/gpu-smt-deps/autoverus-verus-33269/z3-4.12.5-x64-glibc-2.31/bin/libz3.so  
  inflating: /workspaces/.agent-state/gpu-smt-deps/autoverus-verus-33269/z3-4.12.5-x64-glibc-2.31/bin/Microsoft.Z3.dll  
  inflating: /workspaces/.agent-state/gpu-smt-deps/autoverus-verus-33269/z3-4.12.5-x64-glibc-2.31/bin/Microsoft.Z3.xml  
  inflating: /workspaces/.agent-state/gpu-smt-deps/autoverus-verus-33269/z3-4.12.5-x64-glibc-2.31/bin/libz3.a  
  inflating: /workspaces/.agent-state/gpu-smt-deps/autoverus-verus-33269/z3-4.12.5-x64-glibc-2.31/bin/python/example.py  
  inflating: /workspaces/.agent-state/gpu-smt-deps/autoverus-verus-33269/z3-4.12.5-x64-glibc-2.31/bin/python/z3/z3num.py  
  inflating: /workspaces/.agent-state/gpu-smt-deps/autoverus-verus-33269/z3-4.12.5-x64-glibc-2.31/bin/python/z3/z3consts.py  
  inflating: /workspaces/.agent-state/gpu-smt-deps/autoverus-verus-33269/z3-4.12.5-x64-glibc-2.31/bin/python/z3/z3core.py  
  inflating: /workspaces/.agent-state/gpu-smt-deps/autoverus-verus-33269/z3-4.12.5-x64-glibc-2.31/bin/python/z3/__init__.py  
  inflating: /workspaces/.agent-state/gpu-smt-deps/autoverus-verus-33269/z3-4.12.5-x64-glibc-2.31/bin/python/z3/z3.py  
  inflating: /workspaces/.agent-state/gpu-smt-deps/autoverus-verus-33269/z3-4.12.5-x64-glibc-2.31/bin/python/z3/z3rcf.py  
  inflating: /workspaces/.agent-state/gpu-smt-deps/autoverus-verus-33269/z3-4.12.5-x64-glibc-2.31/bin/python/z3/z3printer.py  
  inflating: /workspaces/.agent-state/gpu-smt-deps/autoverus-verus-33269/z3-4.12.5-x64-glibc-2.31/bin/python/z3/z3types.py  
  inflating: /workspaces/.agent-state/gpu-smt-deps/autoverus-verus-33269/z3-4.12.5-x64-glibc-2.31/bin/python/z3/z3util.py  
  inflating: /workspaces/.agent-state/gpu-smt-deps/autoverus-verus-33269/z3-4.12.5-x64-glibc-2.31/bin/python/z3/z3poly.py  
  inflating: /workspaces/.agent-state/gpu-smt-deps/autoverus-verus-33269/z3-4.12.5-x64-glibc-2.31/bin/python/z3/__pycache__/z3rcf.cpython-38.pyc  
  inflating: /workspaces/.agent-state/gpu-smt-deps/autoverus-verus-33269/z3-4.12.5-x64-glibc-2.31/bin/python/z3/__pycache__/z3poly.cpython-38.pyc  
  inflating: /workspaces/.agent-state/gpu-smt-deps/autoverus-verus-33269/z3-4.12.5-x64-glibc-2.31/bin/python/z3/__pycache__/__init__.cpython-38.pyc  
  inflating: /workspaces/.agent-state/gpu-smt-deps/autoverus-verus-33269/z3-4.12.5-x64-glibc-2.31/bin/python/z3/__pycache__/z3types.cpython-38.pyc  
  inflating: /workspaces/.agent-state/gpu-smt-deps/autoverus-verus-33269/z3-4.12.5-x64-glibc-2.31/bin/python/z3/__pycache__/z3.cpython-38.pyc  
  inflating: /workspaces/.agent-state/gpu-smt-deps/autoverus-verus-33269/z3-4.12.5-x64-glibc-2.31/bin/python/z3/__pycache__/z3printer.cpython-38.pyc  
  inflating: /workspaces/.agent-state/gpu-smt-deps/autoverus-verus-33269/z3-4.12.5-x64-glibc-2.31/bin/python/z3/__pycache__/z3num.cpython-38.pyc  
  inflating: /workspaces/.agent-state/gpu-smt-deps/autoverus-verus-33269/z3-4.12.5-x64-glibc-2.31/bin/python/z3/__pycache__/z3consts.cpython-38.pyc  
  inflating: /workspaces/.agent-state/gpu-smt-deps/autoverus-verus-33269/z3-4.12.5-x64-glibc-2.31/bin/python/z3/__pycache__/z3core.cpython-38.pyc  
  inflating: /workspaces/.agent-state/gpu-smt-deps/autoverus-verus-33269/z3-4.12.5-x64-glibc-2.31/bin/python/z3/__pycache__/z3util.cpython-38.pyc  
building vargo
    Updating crates.io index
 Downloading crates ...
  Downloaded indexmap v2.0.0
  Downloaded same-file v1.0.6
  Downloaded itoa v1.0.8
  Downloaded hashbrown v0.14.0
  Downloaded filetime v0.2.21
  Downloaded aho-corasick v1.0.2
  Downloaded toml v0.7.6
  Downloaded equivalent v1.0.0
  Downloaded cfg-if v1.0.0
  Downloaded quote v1.0.29
  Downloaded memchr v2.5.0
  Downloaded serde v1.0.171
  Downloaded unicode-ident v1.0.10
  Downloaded proc-macro2 v1.0.64
  Downloaded serde_spanned v0.6.3
  Downloaded regex-automata v0.3.2
  Downloaded yansi v0.5.1
  Downloaded winnow v0.4.9
  Downloaded walkdir v2.3.3
  Downloaded toml_edit v0.19.12
  Downloaded toml_datetime v0.6.3
  Downloaded syn v2.0.25
  Downloaded serde_json v1.0.100
  Downloaded serde_derive v1.0.171
  Downloaded regex-syntax v0.7.3
  Downloaded regex v1.9.1
  Downloaded ryu v1.0.14
  Downloaded libc v0.2.147
   Compiling proc-macro2 v1.0.64
   Compiling quote v1.0.29
   Compiling unicode-ident v1.0.10
   Compiling serde v1.0.171
   Compiling memchr v2.5.0
   Compiling hashbrown v0.14.0
   Compiling libc v0.2.147
   Compiling equivalent v1.0.0
   Compiling winnow v0.4.9
   Compiling syn v2.0.25
   Compiling indexmap v2.0.0
   Compiling aho-corasick v1.0.2
   Compiling regex-syntax v0.7.3
   Compiling serde_json v1.0.100
   Compiling same-file v1.0.6
   Compiling cfg-if v1.0.0
   Compiling ryu v1.0.14
   Compiling itoa v1.0.8
   Compiling regex-automata v0.3.2
   Compiling serde_derive v1.0.171
   Compiling regex v1.9.1
   Compiling toml_datetime v0.6.3
   Compiling serde_spanned v0.6.3
   Compiling toml_edit v0.19.12
   Compiling filetime v0.2.21
   Compiling walkdir v2.3.3
   Compiling toml v0.7.6
   Compiling yansi v0.5.1
   Compiling vargo v0.1.0 (/workspaces/.agent-state/gpu-smt-deps/autoverus-verus-33269/verus-33269ac6a0ea33a08109eefe5016c1fdd0ce9fbd/tools/vargo)
    Finished release [optimized] target(s) in 8.58s
fatal: not a git repository (or any parent up to mount point /)
Stopping at filesystem boundary (GIT_DISCOVERY_ACROSS_FILESYSTEM not set).
[33mvargo warn [0]: could not obtain version info from git, this will result in a binary with an unknown version: git returned error code[0m
[34mvargo info [0]: creating target-verus[0m
[34mvargo info [0]: creating target-verus/release[0m
[31merror: unexpected or unsupported arguments: -j, 4[0m
