warning: manifest out of date: source kind (git/path) of dependency 'batteries' changed; use `lake update batteries` to update it
warning: manifest out of date: source kind (git/path) of dependency 'Qq' changed; use `lake update Qq` to update it
warning: manifest out of date: source kind (git/path) of dependency 'aesop' changed; use `lake update aesop` to update it
warning: manifest out of date: source kind (git/path) of dependency 'proofwidgets' changed; use `lake update proofwidgets` to update it
warning: manifest out of date: source kind (git/path) of dependency 'Cli' changed; use `lake update Cli` to update it
warning: manifest out of date: source kind (git/path) of dependency 'importGraph' changed; use `lake update importGraph` to update it
warning: manifest out of date: source kind (git/path) of dependency 'REPL' changed; use `lake update REPL` to update it
⚠ [1/10] Fetched proofwidgets:optRelease
info: proofwidgets: wanted prebuilt release, but repository URL not known; the package may need to set 'releaseRepo'
warning: failed to fetch cloud release; falling back to local build
✔ [2/10] Built Cache.IO
✔ [3/10] Built Cache.Hashing
✔ [4/10] Built Cache.Hashing:c.o
✔ [5/10] Built Cache.Requests
✔ [6/10] Built Cache.Main
✔ [7/10] Built Cache.IO:c.o
✔ [8/10] Built Cache.Requests:c.o
✔ [9/10] Built Cache.Main:c.o
✔ [10/10] Built cache
Build completed successfully.
