warning: manifest out of date: source kind (git/path) of dependency 'batteries' changed; use `lake update batteries` to update it
warning: manifest out of date: source kind (git/path) of dependency 'Qq' changed; use `lake update Qq` to update it
warning: manifest out of date: source kind (git/path) of dependency 'aesop' changed; use `lake update aesop` to update it
warning: manifest out of date: source kind (git/path) of dependency 'proofwidgets' changed; use `lake update proofwidgets` to update it
warning: manifest out of date: source kind (git/path) of dependency 'Cli' changed; use `lake update Cli` to update it
warning: manifest out of date: source kind (git/path) of dependency 'importGraph' changed; use `lake update importGraph` to update it
warning: manifest out of date: source kind (git/path) of dependency 'REPL' changed; use `lake update REPL` to update it
✔ [1/4675] Built Batteries.Data.List.Init.Lemmas
✔ [2/4675] Built Batteries.Lean.Position
✔ [3/4675] Built Batteries.Data.String.Basic
✔ [4/4675] Built Batteries.Lean.NameMapAttribute
✔ [5/4675] Built Batteries.CodeAction.Attr
✔ [6/4675] Built Batteries.Tactic.OpenPrivate
✔ [7/4675] Built Batteries.Lean.Expr
✔ [8/4675] Built Batteries.Util.LibraryNote
✔ [9/4675] Built Batteries.Lean.Name
✔ [10/4675] Built Batteries.Tactic.Lint.Basic
✔ [11/4675] Built Batteries.Data.Nat.Gcd
✔ [12/4675] Built Batteries.Lean.Float
⚠ [13/4675] Fetched proofwidgets:optRelease
info: proofwidgets: wanted prebuilt release, but repository URL not known; the package may need to set 'releaseRepo'
warning: failed to fetch cloud release; falling back to local build
✔ [14/4675] Built Batteries.Lean.Meta.Basic
✔ [15/4675] Built Batteries.Data.Nat.Basic
✔ [16/4675] Built Batteries.WF
✔ [17/4675] Built Batteries.Classes.BEq
✔ [18/4675] Built Batteries.Control.ForInStep.Basic
✔ [19/4675] Built Batteries.Control.Lemmas
✔ [20/4675] Built Batteries.Tactic.SeqFocus
✔ [21/4675] Built Batteries.Data.List.Init.Attach
✔ [22/4675] Built Batteries.Data.Array.Init.Lemmas
✔ [23/4675] Built Batteries.Util.ProofWanted
✔ [24/4675] Built Batteries.Classes.SatisfiesM
✔ [25/4675] Built Batteries.Data.Array.Match
✔ [26/4675] Built Batteries.Data.DList
✔ [27/4675] Built Batteries.Data.Fin.Basic
✔ [28/4675] Built Batteries.Lean.TagAttribute
✔ [29/4675] Built Batteries.Data.Sum.Basic
✔ [30/4675] Built Batteries.Lean.Delaborator
✔ [31/4675] Built Batteries.Lean.Except
✔ [32/4675] Built Batteries.Data.MLList.Basic
✔ [33/4675] Built Batteries.Data.LazyList
✔ [34/4675] Built Batteries.Lean.HashMap
✔ [35/4675] Built Batteries.Lean.HashSet
✔ [36/4675] Built Batteries.Lean.IO.Process
✔ [37/4675] Built Batteries.Lean.Meta.Expr
✔ [38/4675] Built Batteries.Lean.PersistentHashMap
✔ [39/4675] Built Batteries.Lean.MonadBacktrack
✔ [40/4675] Built Batteries.Lean.Meta.Inaccessible
✔ [41/4675] Built Batteries.Lean.NameMap
✔ [42/4675] Built Batteries.Lean.SMap
✔ [43/4675] Built Batteries.Lean.Syntax
✔ [44/4675] Built Batteries.Lean.PersistentHashSet
✔ [45/4675] Built Batteries.Lean.Util.Path
✔ [46/4675] Built Batteries.Tactic.Unreachable
✔ [47/4675] Built Batteries.Tactic.Exact
✔ [48/4675] Built Batteries.Tactic.Classical
✔ [49/4675] Built Batteries.Tactic.Congr
✔ [50/4675] Built Batteries.Tactic.Instances
✔ [51/4675] Built Batteries.Tactic.NoMatch
✔ [52/4675] Built Batteries.Test.Internal.DummyLabelAttr
✔ [53/4675] Built Batteries.Tactic.Where
✔ [54/4675] Built Batteries.Tactic.Case
✔ [55/4675] Built Batteries.Tactic.SqueezeScope
✔ [56/4675] Built Batteries.Util.Pickle
✔ [57/4675] Built Batteries.Util.CheckTactic
✔ [58/4675] Built Aesop.Check
✔ [59/4675] Built Aesop.Nanos
✔ [60/4675] Built Batteries.Util.ExtendedBinder
✔ [61/4675] Built Aesop.Percent
✔ [62/4675] Built Aesop.Util.UnionFind
✔ [63/4675] Built Aesop.Options.Public
✔ [64/4675] Built Aesop.Script.Tactic
✔ [65/4675] Built Aesop.Script.GoalWithMVars
✔ [66/4675] Built Aesop.RuleSet.Name
✔ [67/4675] Built Aesop.ElabM
✔ [68/4675] Built Aesop.Frontend.Basic
✔ [69/4675] Built Aesop.Exception
✔ [70/4675] Built Qq.ForLean.ReduceEval
✔ [71/4675] Built Qq.ForLean.ToExpr
✔ [72/4675] Built Aesop.Util.Tactic.Unfold
✔ [73/4675] Built Qq.Typ
✔ [74/4675] Built Qq.SortLocalDecls
✔ [75/4675] Built Qq.ForLean.Do
✔ [76/4675] Built ImportGraph.RequiredModules
✔ [77/4675] Built REPL.Frontend
✔ [78/4675] Built REPL.Util.Path
✔ [79/4675] Built REPL.Util.Pickle
✔ [80/4675] Built REPL.Lean.ContextInfo
✔ [81/4675] Built REPL.JSON
✔ [82/4675] Built REPL.Frontend:c.o
✔ [83/4675] Built REPL.Util.Path:c.o
✔ [84/4675] Built REPL.Lean.ContextInfo:c.o
✔ [85/4675] Built REPL.Util.Pickle:c.o
✔ [86/4675] Built REPL.Lean.InfoTree
✔ [87/4675] Built Batteries.Lean.Meta.UnusedNames
✔ [88/4675] Built Aesop.Util.Tactic
✔ [89/4675] Built Batteries.Classes.Cast
✔ [90/4675] Built Batteries.Lean.Meta.Simp
✔ [91/4675] Built Batteries.CodeAction.Basic
✔ [92/4675] Built Batteries.Tactic.Lint.TypeClass
✔ [93/4675] Built Batteries.Lean.Json
✔ [94/4675] Built ProofWidgets.Compat
✔ [95/4675] Built ProofWidgets.Util
✔ [96/4675] Built REPL.ExtractData
✔ [97/4675] Built Batteries.Tactic.Lint.Misc
✔ [98/4675] Built REPL.Lean.InfoTree:c.o
✔ [99/4675] Built REPL.JSON:c.o
✔ [100/4675] Built Batteries.Tactic.Lint.Frontend
✔ [101/4675] Built Aesop.RuleTac.Forward.Basic
✔ [102/4675] Built Batteries.Tactic.Lint.Simp
✔ [103/4675] Built Batteries.Lean.Meta.InstantiateMVars
✔ [104/4675] Built Batteries.Lean.Meta.Clear
✔ [105/4675] Built Batteries.CodeAction.Misc
✔ [106/4675] Built Batteries.Lean.Meta.AssertHypotheses
✔ [107/4675] Built Batteries.Control.ForInStep.Lemmas
✔ [108/4675] Built Batteries.Tactic.Init
✔ [109/4675] Built Batteries.Classes.Order
✔ [110/4675] Built Batteries.Data.Fin.Lemmas
✔ [111/4675] Built Batteries.Lean.AttributeExtra
✔ [112/4675] Built REPL.ExtractData:c.o
✔ [113/4675] Built Batteries.Data.MLList.Heartbeats
✔ [114/4675] Built Batteries.Data.Array.Monadic
✔ [115/4675] Built Batteries.Tactic.ShowUnused
✔ [116/4675] Built Aesop.Constants
✔ [117/4675] Built Batteries.Tactic.PrintDependents
✔ [118/4675] Built REPL.Lean.Environment
✔ [119/4675] Built Batteries.Linter.UnreachableTactic
✔ [120/4675] Built Aesop.RuleTac.ElabRuleTerm
✔ [121/4675] Built Mathlib.Util.TermBeta
✔ [122/4675] Built Mathlib.Util.Time
✔ [123/4675] Built REPL.Snapshots
✔ [124/4675] Built Mathlib.Util.GetAllModules
✔ [125/4675] Built Mathlib.Util.IncludeStr
✔ [126/4675] Built Mathlib.Util.SleepHeartbeats
✔ [127/4675] Built Mathlib.Tactic.ReduceModChar.Ext
✔ [128/4675] Built Mathlib.Util.AssertNoSorry
✔ [129/4675] Built Mathlib.Tactic.Explode.Datatypes
✔ [130/4675] Built Mathlib.Tactic.Recall
✔ [131/4675] Built Mathlib.Tactic.Have
✔ [132/4675] Built Mathlib.Tactic.Relation.Symm
✔ [133/4675] Built Mathlib.Lean.LocalContext
✔ [134/4675] Built Mathlib.Lean.Message
✔ [135/4675] Built Mathlib.Tactic.Clean
✔ [136/4675] Built Mathlib.Util.Export
✔ [137/4675] Built Mathlib.Init.Data.Buffer.Parser
✔ [138/4675] Built Mathlib.Lean.Exception
✔ [139/4675] Built Mathlib.Data.MLList.IO
✔ [140/4675] Built Mathlib.Data.ByteArray
✔ [141/4675] Built Mathlib.Lean.Meta.DiscrTree
✔ [142/4675] Built Mathlib.Tactic.FunProp.StateList
✔ [143/4675] Built Mathlib.Tactic.Generalize
✔ [144/4675] Built Mathlib.Data.BinaryHeap
✔ [145/4675] Built Mathlib.Tactic.FunProp.ToBatteries
✔ [146/4675] Built Mathlib.Util.AddRelatedDecl
✔ [147/4675] Built Mathlib.Data.Array.ExtractLemmas
✔ [148/4675] Built Mathlib.Tactic.FunProp.Decl
✔ [149/4675] Built Mathlib.Util.DischargerAsTactic
✔ [150/4675] Built Mathlib.Util.AtomM
✔ [151/4675] Built Mathlib.Tactic.Monotonicity.Attr
✔ [152/4675] Built Mathlib.Tactic.HaveI
✔ [153/4675] Built Mathlib.Tactic.TryThis
✔ [154/4675] Built Mathlib.Tactic.Widget.SelectInsertParamsClass
✔ [155/4675] Built Mathlib.Tactic.SuppressCompilation
✔ [156/4675] Built Mathlib.Tactic.UnsetOption
✔ [157/4675] Built Mathlib.Tactic.TypeCheck
✔ [158/4675] Built Mathlib.Util.CountHeartbeats
✔ [159/4675] Built Mathlib.Tactic.Trace
✔ [160/4675] Built Mathlib.Tactic.SudoSetOption
✔ [161/4675] Built Mathlib.Util.WhatsNew
✔ [162/4675] Built Mathlib.Tactic.SuccessIfFailWithMsg
✔ [163/4675] Built Mathlib.Tactic.Variable
✔ [164/4675] Built Mathlib.Tactic.SimpIntro
✔ [165/4675] Built Mathlib.Util.Delaborators
✔ [166/4675] Built Mathlib.Tactic.Relation.Rfl
✔ [167/4675] Built Mathlib.Tactic.Rename
✔ [168/4675] Built Mathlib.Tactic.Set
✔ [169/4675] Built Mathlib.Tactic.Linter.HashCommandLinter
✔ [170/4675] Built Mathlib.Tactic.NthRewrite
✔ [171/4675] Built Mathlib.Tactic.Observe
✔ [172/4675] Built Mathlib.Tactic.Recover
✔ [173/4675] Built Mathlib.Tactic.GuardHypNums
✔ [174/4675] Built Mathlib.Tactic.InferParam
✔ [175/4675] Built Mathlib.Tactic.Linter.GlobalAttributeIn
✔ [176/4675] Built Mathlib.Tactic.GuardGoalNums
✔ [177/4675] Built Mathlib.Tactic.Existsi
✔ [178/4675] Built Mathlib.Tactic.ExtractGoal
✔ [179/4675] Built Mathlib.Tactic.Constructor
✔ [180/4675] Built Mathlib.Tactic.FailIfNoProgress
✔ [181/4675] Built Mathlib.Tactic.Clear_
✔ [182/4675] Built Mathlib.Util.Tactic
✔ [183/4675] Built Mathlib.Tactic.ClearExclamation
✔ [184/4675] Built Mathlib.Tactic.ClearExcept
✔ [185/4675] Built Mathlib.Tactic.ApplyWith
✔ [186/4675] Built Mathlib.Tactic.Check
✔ [187/4675] Built Mathlib.Lean.Meta.Basic
✔ [188/4675] Built Mathlib.Tactic.Substs
✔ [189/4675] Built Mathlib.Tactic.CasesM
✔ [190/4675] Built Mathlib.Lean.PrettyPrinter.Delaborator
✔ [191/4675] Built Mathlib.Util.WithWeakNamespace
✔ [192/4675] Built Mathlib.Tactic.Coe
✔ [193/4675] Built Mathlib.Init.Data.Sigma.Basic
✔ [194/4675] Built Mathlib.Lean.Elab.Term
✔ [195/4675] Built Mathlib.Tactic.Spread
✔ [196/4675] Built Mathlib.Tactic.SimpRw
✔ [197/4675] Built Mathlib.Tactic.Attr.Register
✔ [198/4675] Built Mathlib.Tactic.Conv
✔ [199/4675] Built Mathlib.Tactic.ExtendDoc
✔ [200/4675] Built Mathlib.Tactic.PPWithUniv
✔ [201/4675] Built Mathlib.Tactic.AdaptationNote
✔ [202/4675] Built Mathlib.Tactic.HelpCmd
✔ [203/4675] Built Mathlib.Mathport.Attributes
✔ [204/4675] Built Mathlib.Tactic.TypeStar
✔ [205/4675] Built Mathlib.Util.AssertExists
✔ [206/4675] Built Mathlib.Tactic.Eqns
✔ [207/4675] Built Mathlib.Tactic.Lemma
✔ [208/4675] Built Mathlib.Tactic.ProjectionNotation
✔ [209/4675] Built Mathlib.Lean.EnvExtension
✔ [210/4675] Built Mathlib.Util.MemoFix
✔ [211/4675] Built Mathlib.Data.Array.Defs
✔ [212/4675] Built Mathlib.Lean.Meta
✔ [213/4675] Built Mathlib.Init.Data.Nat.Notation
✔ [214/4675] Built Mathlib.Util.CompileInductive
✔ [215/4675] Built Batteries.Lean.Meta.SavedState
✔ [216/4675] Built Batteries.Data.Array.Basic
✔ [217/4675] Built Mathlib.Lean.Meta.Simp
✔ [218/4675] Built Batteries.Data.String.Matcher
✔ [219/4675] Built Aesop.Options.Internal
✔ [220/4675] Built Mathlib.Mathport.Rename
✔ [221/4675] Built REPL.Lean.Environment:c.o
✖ [222/4675] Building ProofWidgets.Component.Basic
trace: .> LEAN_PATH=././.lake/packages/batteries/.lake/build/lib:././.lake/packages/Qq/.lake/build/lib:././.lake/packages/aesop/.lake/build/lib:././.lake/packages/proofwidgets/.lake/build/lib:././.lake/packages/Cli/.lake/build/lib:././.lake/packages/importGraph/.lake/build/lib:././.lake/packages/REPL/.lake/build/lib:././.lake/build/lib LD_LIBRARY_PATH=././.lake/packages/proofwidgets/.lake/build/lib /workspaces/.agent-state/gpu-smt-deps/lean-4.9-capture/lean-4.9.0-rc1-linux/bin/lean ././.lake/packages/proofwidgets/././ProofWidgets/Component/Basic.lean -R ././.lake/packages/proofwidgets/./. -o ././.lake/packages/proofwidgets/.lake/build/lib/ProofWidgets/Component/Basic.olean -i ././.lake/packages/proofwidgets/.lake/build/lib/ProofWidgets/Component/Basic.ilean -c ././.lake/packages/proofwidgets/.lake/build/ir/ProofWidgets/Component/Basic.c --json
error: ././.lake/packages/proofwidgets/././ProofWidgets/Component/Basic.lean:73:16: no such file or directory (error code: 2)
  file: ././.lake/packages/proofwidgets/././ProofWidgets/Component/../../.lake/build/js/interactiveExpr.js
error: ././.lake/packages/proofwidgets/././ProofWidgets/Component/Basic.lean:71:2: cannot evaluate code because 'ProofWidgets.InteractiveExpr' uses 'sorry' and/or contains errors
error: Lean exited with code 1
✔ [223/4675] Built ProofWidgets.Cancellable
✔ [224/4675] Built ImportGraph.Imports
✔ [225/4675] Built Batteries.Lean.Util.EnvSearch
✔ [226/4675] Built REPL.Lean.InfoTree.ToJson
✔ [227/4675] Built REPL.Snapshots:c.o
✔ [228/4675] Built Batteries.CodeAction.Deprecated
✔ [232/4675] Built REPL.Lean.InfoTree.ToJson:c.o
✔ [233/4675] Built Batteries.Control.Nondet.Basic
✔ [234/4675] Built Batteries.Data.UInt
✔ [235/4675] Built Batteries.CodeAction
✔ [236/4675] Built Batteries.Control.ForInStep
✔ [237/4675] Built Batteries.Data.PairingHeap
✔ [238/4675] Built Mathlib.Tactic.Explode.Pretty
✔ [239/4675] Built Batteries.Linter.UnnecessarySeqFocus
✔ [240/4675] Built Mathlib.Tactic.Replace
✔ [241/4675] Built Mathlib.Tactic.ApplyAt
✔ [242/4675] Built Mathlib.Tactic.SwapVar
✔ [243/4675] Built Mathlib.Tactic.Monotonicity.Basic
✔ [244/4675] Built Mathlib.Tactic.Inhabit
✔ [245/4675] Built Mathlib.Lean.Expr.ReplaceRec
✔ [246/4675] Built Mathlib.Tactic.HigherOrder
✔ [247/4675] Built Mathlib.Init.Data.Fin.Basic
✔ [248/4675] Built Batteries.Data.Fin
✔ [250/4675] Built Mathlib.Init.Data.Prod
✔ [251/4675] Built Mathlib.Lean.Elab.Tactic.Basic
✔ [252/4675] Built Mathlib.Tactic.ScopedNS
✔ [253/4675] Built Mathlib.Lean.Json
✔ [254/4675] Built Mathlib.Init.Meta.WellFoundedTactics
✔ [255/4675] Built Mathlib.Init.Data.Option.Init.Lemmas
✔ [256/4675] Built Mathlib.Init.Data.Option.Basic
✔ [257/4675] Built Mathlib.Init.Data.Nat.Div
✔ [258/4675] Built Mathlib.Init.Data.Int.Lemmas
✔ [259/4675] Built Mathlib.Init.Data.Int.DivMod
✔ [260/4675] Built Mathlib.Init.Data.Bool.Basic
✔ [261/4675] Built Aesop.Util.EqualUpToIds
✔ [262/4675] Built Mathlib.Data.Rbtree.MinMax
✔ [263/4675] Built Qq.Macro
✔ [264/4675] Built Mathlib.Data.Rbtree.Insert
✔ [265/4675] Built Mathlib.Data.Rbtree.Main
✔ [266/4675] Built Mathlib.Data.Rbtree.Basic
✔ [267/4675] Built Mathlib.Data.Rbtree.DefaultLt
✔ [268/4675] Built Mathlib.Data.Rbtree.Find
✔ [269/4675] Built Mathlib.Data.Rbmap.Basic
✔ [270/4675] Built Mathlib.Data.Rbmap.Default
✔ [271/4675] Built Mathlib.Lean.Thunk
✔ [272/4675] Built Mathlib.Init.Data.List.Instances
✔ [273/4675] Built Mathlib.Init.Quot
✔ [274/4675] Built Mathlib.Init.Data.Sigma.Lex
✔ [275/4675] Built Mathlib.Init.Data.Ordering.Basic
✔ [276/4675] Built Mathlib.Init.Control.Combinators
✔ [277/4675] Built Mathlib.Control.ULift
✔ [278/4675] Built Mathlib.Init.Classes.Order
✔ [279/4675] Built Mathlib.Tactic.ApplyCongr
✔ [280/4675] Built Mathlib.CategoryTheory.ConcreteCategory.Bundled
✔ [281/4675] Built Mathlib.Algebra.HierarchyDesign
✔ [282/4675] Built Batteries.Data.BinomialHeap.Basic
✔ [283/4675] Built Aesop.Options
✔ [284/4675] Built Mathlib.Init.Data.Nat.GCD
✔ [285/4675] Built Batteries.Tactic.Lint
✔ [286/4675] Built Mathlib.Data.Bracket
✔ [287/4675] Built Mathlib.Init.Set
✔ [289/4675] Built Mathlib.Init.Data.Int.Basic
✔ [290/4675] Built Mathlib.Tactic.ToLevel
✔ [296/4675] Built Mathlib.Data.Stream.Defs
✔ [297/4675] Built Mathlib.Data.Option.Defs
✔ [298/4675] Built Batteries.Data.Char
✔ [299/4675] Built Batteries.Tactic.PrintPrefix
✔ [301/4675] Built Batteries.Linter
✔ [302/4675] Built Batteries.Tactic.Alias
✔ [304/4675] Built Mathlib.Tactic.Eval
✔ [305/4675] Built Mathlib.Tactic.Explode
✔ [306/4675] Built REPL.Main
✔ [307/4675] Built Batteries.Data.BinomialHeap.Lemmas
✔ [309/4675] Built Mathlib.Data.MLList.DepthFirst
✔ [310/4675] Built Mathlib.Tactic.Relation.Trans
✔ [311/4675] Built Qq.Delab
✔ [312/4675] Built Mathlib.Util.Superscript
✔ [313/4675] Built Mathlib.Tactic.Linter.Lint
✔ [314/4675] Built Mathlib.Tactic.Hint
✔ [315/4675] Built Mathlib.Tactic.Simps.NotationClass
✔ [317/4675] Built Mathlib.Data.Array.Basic
✔ [318/4675] Built Batteries.Data.Option.Lemmas
✔ [319/4675] Built Batteries.Data.Bool
✔ [320/4675] Built Batteries.Data.BitVec.Lemmas
✔ [321/4675] Built REPL.Main:c.o
✔ [322/4675] Built Mathlib.Tactic.DeriveToExpr
✔ [323/4675] Built Batteries.Data.Int.Order
✔ [324/4675] Built Batteries.Data.Array.Merge
✔ [325/4675] Built Batteries.Data.Nat.Lemmas
✔ [326/4675] Built Batteries.Logic
✔ [327/4675] Built Batteries.Data.BinomialHeap
✔ [328/4675] Built Qq.MetaM
✔ [329/4675] Built Mathlib.Init.Core
✔ [330/4675] Built Mathlib.Tactic.Linter
✔ [331/4675] Built Batteries.Data.RBMap.Basic
✔ [332/4675] Built Batteries.Tactic.Basic
✔ [333/4675] Built Batteries.Data.Option
✔ [334/4675] Built Batteries.Data.BitVec
✔ [335/4675] Built Batteries.Data.Int.DivMod
✔ [336/4675] Built Mathlib.Init.Data.Option.Lemmas
✔ [337/4675] Built Aesop.Util.UnorderedArraySet
✔ [338/4675] Built Mathlib.Tactic.ToExpr
✔ [339/4675] Built Batteries.Data.Nat
✔ [340/4675] Built Mathlib.Tactic.Use
✔ [341/4675] Built Mathlib.Mathport.Notation
✔ [342/4675] Built Mathlib.Tactic.Attr.Core
✔ [343/4675] Built Batteries.Data.List.Basic
✔ [344/4675] Built Mathlib.Init.Logic
✔ [345/4675] Built Batteries.Data.Sum.Lemmas
✔ [346/4675] Built Mathlib.Init.Data.Quot
✔ [347/4675] Built Batteries.Lean.Meta.DiscrTree
✔ [349/4675] Built Batteries.Data.Int.Lemmas
✔ [350/4675] Built Mathlib.Tactic.GCongr.ForwardAttr
✔ [351/4675] Built Qq.AssertInstancesCommute
✔ [352/4675] Built Mathlib.Lean.CoreM
✔ [353/4675] Built repl
✔ [354/4675] Built Batteries.Tactic.PermuteGoals
✔ [355/4675] Built Mathlib.Tactic.FBinop
✔ [356/4675] Built Batteries.Data.Rat.Basic
✔ [357/4675] Built Batteries.Data.AssocList
✔ [358/4675] Built Mathlib.Init.Data.List.Basic
✔ [359/4675] Built Mathlib.Tactic.CC.Lemmas
✔ [360/4675] Built Batteries.Data.Sum
✔ [361/4675] Built Mathlib.Data.String.Defs
✔ [362/4675] Built Mathlib.Init.Algebra.Classes
✔ [363/4675] Built Batteries.Util.Cache
✔ [364/4675] Built Mathlib.Data.Tree.Basic
✔ [365/4675] Built Mathlib.Init.Data.Bool.Lemmas
✔ [366/4675] Built Qq.Match
✔ [367/4675] Built Mathlib.Init.Align
✔ [368/4675] Built Mathlib.Data.SProd
✔ [369/4675] Built Mathlib.Tactic.Linarith.SimplexAlgorithm.Datatypes
✔ [370/4675] Built Batteries.Classes.RatCast
✔ [371/4675] Built Batteries.Data.Int
✔ [373/4675] Built Mathlib.Tactic.Find
✔ [374/4675] Built Batteries.Data.RBMap.WF
✔ [376/4675] Built Mathlib.Init.Data.Ordering.Lemmas
✔ [377/4675] Built Batteries.Data.Rat.Lemmas
✔ [378/4675] Built Mathlib.Lean.Expr.Basic
✔ [379/4675] Built Batteries.Data.HashMap.Basic
✔ [380/4675] Built Mathlib.Tactic.Says
✔ [381/4675] Built Qq
✔ [382/4675] Built Mathlib.Data.Buffer.Basic
✔ [383/4675] Built Mathlib.Tactic.Linarith.SimplexAlgorithm.Gauss
✔ [384/4675] Built Mathlib.Data.Rat.Init
✔ [385/4675] Built Mathlib.Tactic.Linarith.SimplexAlgorithm.SimplexAlgorithm
✔ [386/4675] Built Batteries.Data.RBMap.Depth
✔ [387/4675] Built Batteries.Data.Rat
✔ [388/4675] Built Batteries.Data.List.Lemmas
✔ [389/4675] Built Batteries.Data.RBMap.Alter
✔ [390/4675] Built Mathlib.Tactic.RenameBVar
✔ [391/4675] Built Mathlib.Init.Data.Rat.Basic
✔ [392/4675] Built Mathlib.Lean.Expr
✔ [393/4675] Built Mathlib.Tactic.Cases
✔ [394/4675] Built Mathlib.Tactic.GeneralizeProofs
✔ [395/4675] Built Mathlib.Tactic.Core
✔ [396/4675] Built Mathlib.Util.SynthesizeUsing
✔ [397/4675] Built Mathlib.Data.MLList.Dedup
✔ [398/4675] Built Mathlib.Util.Qq
✔ [399/4675] Built Mathlib.Data.HashMap
✔ [400/4675] Built Mathlib.Lean.Name
✔ [401/4675] Built Mathlib.Tactic.Linarith.SimplexAlgorithm.PositiveVector
✔ [402/4675] Built Batteries.Lean.System.IO
✔ [403/4675] Built Batteries.Data.List.EraseIdx
✔ [404/4675] Built Mathlib.Data.Rbtree.Init
✔ [405/4675] Built Mathlib.Tactic.Simps.Basic
✔ [406/4675] Built Mathlib.Data.DList.Defs
✔ [407/4675] Built Batteries.Data.List.Count
✔ [408/4675] Built Mathlib.Tactic.CC.Datatypes
✔ [409/4675] Built Mathlib.Tactic.WLOG
✔ [410/4675] Built Batteries.Data.Range.Lemmas
✔ [411/4675] Built Mathlib.Init.Data.List.Lemmas
✔ [412/4675] Built Mathlib.Tactic.Propose
✔ [413/4675] Built Mathlib.Data.List.TFAE
✔ [414/4675] Built Batteries.Data.Array.Lemmas
✔ [415/4675] Built Batteries.Data.MLList.IO
✔ [416/4675] Built Mathlib.Tactic.SplitIfs
✔ [417/4675] Built Mathlib.Tactic.MkIffOfInductiveProp
✔ [418/4675] Built Batteries.Data.Range
✔ [419/4675] Built Mathlib.Data.DList.Basic
✔ [420/4675] Built Batteries.Data.RBMap.Lemmas
✔ [421/4675] Built Batteries.Data.List.Pairwise
✔ [422/4675] Built Batteries.Data.String.Lemmas
✔ [423/4675] Built Batteries.Data.ByteArray
✔ [424/4675] Built Batteries.Data.HashMap.Lemmas
✔ [425/4675] Built Mathlib.Tactic.ToAdditive
✔ [426/4675] Built Mathlib.Tactic.TFAE
✔ [427/4675] Built Batteries.Data.MLList
✔ [428/4675] Built Batteries.Data.Array
✔ [429/4675] Built Batteries.Data.RBMap
✔ [430/4675] Built Batteries.Data.UnionFind.Basic
✔ [431/4675] Built Mathlib.Init.Order.Defs
✔ [432/4675] Built Batteries.Data.String
✔ [433/4675] Built Mathlib.Data.TypeMax
✔ [434/4675] Built Mathlib.Init.ZeroOne
✔ [435/4675] Built Batteries.Data.HashMap.WF
✔ [436/4675] Built Mathlib.Init.Order.LinearOrder
✔ [437/4675] Built Batteries.Data.List.Perm
✔ [438/4675] Built Batteries.Data.UnionFind.Lemmas
✔ [439/4675] Built Mathlib.Init.Data.Int.Order
✔ [440/4675] Built Mathlib.Algebra.Expr
✔ [441/4675] Built Batteries.Data.HashMap
✔ [442/4675] Built Mathlib.Data.UnionFind
✔ [443/4675] Built Mathlib.Init.Data.Nat.Basic
✔ [444/4675] Built Batteries.Data.List
✔ [445/4675] Built Batteries.Data.UnionFind
✔ [446/4675] Built Aesop.Util.Basic
✔ [447/4675] Built Mathlib.Util.LongNames
✔ [448/4675] Built Aesop.Script.CtorNames
✔ [449/4675] Built Mathlib.Init.Data.Nat.Lemmas
✔ [450/4675] Built Mathlib.Tactic.GCongr.Core
✔ [451/4675] Built Aesop.Rule.Name
✔ [452/4675] Built Aesop.Script.TacticState
✔ [453/4675] Built Batteries.StdDeprecations
✔ [454/4675] Built Aesop.Tracing
✔ [455/4675] Built Aesop.Script.Util
✔ [456/4675] Built Aesop.Util.Tactic.Ext
✔ [457/4675] Built Aesop.Stats.Basic
✔ [458/4675] Built Mathlib.Algebra.Group.Defs
✔ [459/4675] Built Aesop.RulePattern
✔ [460/4675] Built Aesop.Script.Step
✔ [461/4675] Built Aesop.Stats.Extension
✔ [462/4675] Built Aesop.Index.Basic
✔ [463/4675] Built Aesop.Script.SScript
✔ [464/4675] Built Aesop.Script.UScript
✔ [465/4675] Built Aesop.Script.ScriptM
✔ [466/4675] Built Mathlib.Algebra.Group.MinimalAxioms
✔ [467/4675] Built Mathlib.GroupTheory.EckmannHilton
✔ [468/4675] Built Mathlib.Algebra.PEmptyInstances
✔ [469/4675] Built Aesop.Stats.Report
✔ [470/4675] Built Mathlib.Algebra.Group.Invertible.Defs
✔ [471/4675] Built Mathlib.Data.List.EditDistance.Defs
✔ [472/4675] Built Mathlib.Algebra.Group.Commutator
✔ [473/4675] Built Mathlib.Algebra.Group.Semiconj.Defs
✔ [474/4675] Built Mathlib.Data.Nat.Cast.Defs
✔ [475/4675] Built Aesop.Script.StructureStatic
✔ [476/4675] Built Aesop.RuleTac.Basic
✔ [477/4675] Built Aesop.Script.StructureDynamic
✔ [478/4675] Built Aesop.Script.SpecificTactics
✔ [479/4675] Built Mathlib.Data.Int.Cast.Defs
✔ [480/4675] Built Aesop.Rule.Basic
✔ [481/4675] Built Mathlib.Algebra.Group.Commute.Defs
✔ [482/4675] Built Aesop.RuleTac.Apply
✔ [483/4675] Built Aesop.RuleTac.Tactic
✔ [484/4675] Built Aesop.RuleTac.Cases
✔ [485/4675] Built Aesop.RuleTac.Preprocess
✔ [486/4675] Built Batteries
✔ [487/4675] Built Aesop.Search.Expansion.Basic
✔ [488/4675] Built Aesop.RuleTac.Forward
✔ [489/4675] Built Aesop.Index
✔ [490/4675] Built Aesop.RuleTac
✔ [491/4675] Built Mathlib.Tactic.Basic
✔ [492/4675] Built Mathlib.Tactic.RSuffices
✔ [493/4675] Built Aesop.Rule
✔ [494/4675] Built Mathlib.Tactic.Change
✔ [495/4675] Built Mathlib.Tactic.LiftLets
✔ [496/4675] Built Mathlib.Data.String.Lemmas
✔ [497/4675] Built Mathlib.Init.Control.Lawful
✔ [498/4675] Built Mathlib.Tactic.ExtractLets
✔ [499/4675] Built Mathlib.Order.Notation
✔ [500/4675] Built Mathlib.Tactic.DefEqTransformations
✔ [501/4675] Built Mathlib.Tactic.Lift
✔ [502/4675] Built Aesop.RuleSet.Member
✔ [503/4675] Built Aesop.Tree.UnsafeQueue
✔ [504/4675] Built Mathlib.Init.Function
✔ [505/4675] Built Aesop.RuleSet.Filter
✔ [506/4675] Built Aesop.Builder.Basic
✔ [507/4675] Built Mathlib.Logic.Function.CompTypeclasses
✔ [508/4675] Built Mathlib.Data.Prod.PProd
✔ [509/4675] Built Aesop.Tree.Data
✔ [510/4675] Built Mathlib.Logic.Relator
✔ [511/4675] Built Mathlib.Data.Option.NAry
✔ [512/4675] Built Mathlib.Logic.Nonempty
✔ [513/4675] Built Mathlib.Logic.Nontrivial.Defs
✔ [514/4675] Built Mathlib.Data.Bool.Basic
✔ [515/4675] Built Mathlib.Control.Basic
✔ [516/4675] Built Aesop.Builder.Tactic
✔ [517/4675] Built Aesop.Builder.Forward
✔ [518/4675] Built Aesop.Builder.NormSimp
✔ [519/4675] Built Mathlib.Logic.Basic
✔ [520/4675] Built Aesop.Builder.Apply
✔ [521/4675] Built Aesop.Tree.RunMetaM
✔ [522/4675] Built Aesop.RuleSet
✔ [523/4675] Built Aesop.Tree.Traversal
✔ [524/4675] Built Aesop.Builder.Unfold
✔ [525/4675] Built Aesop.Builder.Cases
✔ [526/4675] Built Aesop.Builder.Constructors
✔ [527/4675] Built Mathlib.Data.TwoPointing
✔ [528/4675] Built Aesop.Frontend.Extension.Init
✔ [529/4675] Built Aesop.Tree.TreeM
✔ [530/4675] Built Aesop.Search.Expansion.Simp
✔ [531/4675] Built Mathlib.Algebra.NeZero
✔ [532/4675] Built Mathlib.Logic.Function.Basic
✔ [533/4675] Built Aesop.Tree.Tracing
✔ [534/4675] Built Mathlib.Control.Functor
✔ [535/4675] Built Mathlib.Tactic.Tauto
✔ [536/4675] Built Aesop.Tree.State
✔ [537/4675] Built Aesop.Frontend.Extension
✔ [538/4675] Built Aesop.Tree.Free
✔ [539/4675] Built Aesop.Tree.ExtractScript
✔ [540/4675] Built Mathlib.Tactic.PushNeg
✔ [541/4675] Built Aesop.Tree.AddRapp
✔ [542/4675] Built Mathlib.Data.Nat.Cast.NeZero
✔ [543/4675] Built Aesop.Builder.Default
✔ [544/4675] Built Mathlib.Logic.Function.Conjugate
✔ [545/4675] Built Mathlib.Logic.IsEmpty
✔ [546/4675] Built Mathlib.Algebra.CharZero.Defs
✔ [547/4675] Built Mathlib.Data.Sigma.Basic
✔ [548/4675] Built Mathlib.Tactic.Choose
✔ [549/4675] Built Mathlib.Data.FunLike.Basic
✔ [550/4675] Built Mathlib.Data.Subtype
✔ [551/4675] Built Mathlib.Data.Sum.Basic
✔ [552/4675] Built Mathlib.Data.Prod.Basic
✔ [553/4675] Built Aesop.Tree.ExtractProof
✔ [554/4675] Built Mathlib.Control.Applicative
✔ [555/4675] Built Mathlib.Control.Traversable.Basic
✔ [556/4675] Built Mathlib.Algebra.GroupWithZero.Defs
✔ [557/4675] Built Mathlib.Tactic.ByContra
✔ [558/4675] Built Mathlib.Tactic.Contrapose
✔ [559/4675] Built Mathlib.Data.List.Defs
✔ [560/4675] Built Mathlib.Logic.Function.Iterate
✔ [561/4675] Built Mathlib.Data.FunLike.Embedding
✔ [562/4675] Built Mathlib.Lean.Meta.CongrTheorems
✔ [563/4675] Built Mathlib.Logic.Relation
✔ [564/4675] Built Mathlib.Tactic.IrreducibleDef
✔ [565/4675] Built Aesop.Tree.Check
✔ [566/4675] Built Mathlib.Tactic.FunProp.Mor
✔ [567/4675] Built Mathlib.Logic.Unique
✔ [568/4675] Built Aesop.Builder
✔ [569/4675] Built Mathlib.Data.Set.Defs
✔ [570/4675] Built Mathlib.Algebra.GroupWithZero.NeZero
✔ [571/4675] Built Mathlib.Control.Traversable.Lemmas
✔ [572/4675] Built Mathlib.Data.FunLike.Equiv
✔ [573/4675] Built Mathlib.Algebra.Homology.ComplexShape
✔ [574/4675] Built Mathlib.Tactic.FunProp.FunctionData
✔ [575/4675] Built Mathlib.Data.Nat.Defs
✔ [576/4675] Built Mathlib.Init.Classical
✔ [577/4675] Built Mathlib.Logic.Nontrivial.Basic
✔ [578/4675] Built Mathlib.Tactic.Congr!
✔ [579/4675] Built Mathlib.Algebra.Ring.Defs
✔ [580/4675] Built Mathlib.Tactic.CC.Addition
✔ [581/4675] Built Mathlib.Lean.Expr.ExtraRecognizers
✔ [582/4675] Built Mathlib.Algebra.Group.Pi.Basic
✔ [583/4675] Built Mathlib.Data.Quot
✔ [584/4675] Built Mathlib.Tactic.FunProp.Types
✔ [585/4675] Built Mathlib.Data.Char
✔ [586/4675] Built Aesop.Frontend.RuleExpr
✔ [587/4675] Built Mathlib.Tactic.Convert
✔ [588/4675] Built Mathlib.Tactic.Nontriviality.Core
✔ [589/4675] Built Mathlib.Tactic.DeriveTraversable
✔ [590/4675] Built Mathlib.Algebra.Ring.Semiconj
✔ [591/4675] Built Mathlib.Order.SetNotation
✔ [592/4675] Built Mathlib.Tactic.CC
✔ [593/4675] Built Aesop.Tree
✔ [594/4675] Built Mathlib.Algebra.Field.Defs
✔ [595/4675] Built Mathlib.Tactic.Nontriviality
✔ [596/4675] Built Aesop.Frontend.Attribute
✔ [597/4675] Built Mathlib.Tactic.TermCongr
✔ [598/4675] Built Mathlib.Logic.Equiv.Defs
✔ [599/4675] Built Mathlib.Data.Int.Defs
✔ [600/4675] Built Mathlib.Algebra.Group.Hom.Defs
✔ [601/4675] Built Aesop.Search.Queue.Class
✔ [602/4675] Built Mathlib.Logic.Lemmas
✔ [603/4675] Built Aesop.BuiltinRules.Split
✔ [604/4675] Built Aesop.BuiltinRules.Subst
✔ [605/4675] Built Aesop.BuiltinRules.Intros
✔ [606/4675] Built Aesop.BuiltinRules.Ext
✔ [607/4675] Built Aesop.BuiltinRules.ApplyHyps
✔ [608/4675] Built Aesop.BuiltinRules.DestructProducts
✔ [609/4675] Built Aesop.BuiltinRules.Assumption
✔ [610/4675] Built Mathlib.Tactic.Congrm
✔ [611/4675] Built Mathlib.Data.Opposite
✔ [612/4675] Built Mathlib.Data.Erased
✔ [613/4675] Built Mathlib.Tactic.FunProp.RefinedDiscrTree
✔ [614/4675] Built Mathlib.Order.Basic
✔ [615/4675] Built Mathlib.Data.Finite.Defs
✔ [616/4675] Built Mathlib.Control.Monad.Basic
✔ [617/4675] Built Mathlib.Data.Equiv.Functor
✔ [618/4675] Built Mathlib.Control.Traversable.Equiv
✔ [619/4675] Built Mathlib.Control.Monad.Writer
✔ [620/4675] Built Mathlib.Tactic.ProdAssoc
✔ [621/4675] Built Aesop.Frontend.Tactic
✔ [622/4675] Built Aesop.Frontend.Command
✔ [623/4675] Built Mathlib.Control.EquivFunctor
✔ [624/4675] Built Mathlib.Tactic.ProxyType
✔ [625/4675] Built Mathlib.Algebra.Group.Hom.CompTypeclasses
✔ [626/4675] Built Mathlib.Algebra.Group.Commute.Hom
✔ [627/4675] Built Mathlib.Algebra.Group.Ext
✔ [629/4675] Built Mathlib.Data.Matrix.DMatrix
✔ [630/4675] Built Mathlib.Logic.Small.Defs
✔ [631/4675] Built Aesop.Search.Queue
✔ [632/4675] Built Mathlib.Algebra.GroupWithZero.Pi
✔ [633/4675] Built Mathlib.Algebra.Opposites
✔ [634/4675] Built Mathlib.Order.ULift
✔ [635/4675] Built Aesop.Search.SearchM
✔ [636/4675] Built Mathlib.Order.Synonym
✔ [637/4675] Built Mathlib.Data.Set.Opposite
✔ [638/4675] Built Mathlib.Algebra.Order.Sum
✔ [639/4675] Built Mathlib.Tactic.FunProp.Theorems
✔ [640/4675] Built Mathlib.Combinatorics.Quiver.Basic
✔ [641/4675] Built Mathlib.Order.RelClasses
✔ [642/4675] Built Mathlib.Algebra.Order.ZeroLEOne
✔ [643/4675] Built Mathlib.Control.Monad.Cont
✔ [644/4675] Built Mathlib.Algebra.Group.TypeTags
✔ [645/4675] Built Mathlib.Data.Countable.Defs
✔ [646/4675] Built Mathlib.Algebra.Ring.Ext
✔ [647/4675] Built Aesop.Frontend
✔ [648/4675] Built Mathlib.Logic.UnivLE
✔ [649/4675] Built Aesop.Search.RuleSelection
✔ [650/4675] Built Mathlib.Data.PNat.Defs
✔ [651/4675] Built Mathlib.Data.Nat.Cast.Synonym
✔ [652/4675] Built Mathlib.Order.Max
✔ [653/4675] Built Mathlib.Tactic.FunProp.Attr
✔ [654/4675] Built Mathlib.Algebra.Order.Group.Synonym
✔ [655/4675] Built Mathlib.Order.Compare
✔ [656/4675] Built Mathlib.Combinatorics.Quiver.Push
✔ [657/4675] Built Mathlib.Combinatorics.Quiver.Subquiver
✔ [658/4675] Built Aesop.BuiltinRules
✔ [659/4675] Built Mathlib.Logic.Equiv.Basic
✔ [660/4675] Built Mathlib.Data.Sigma.Lex
✔ [661/4675] Built Mathlib.Algebra.Order.GroupWithZero.Synonym
✔ [662/4675] Built Mathlib.Combinatorics.Quiver.Path
✔ [663/4675] Built Mathlib.Algebra.Order.Ring.Synonym
✔ [664/4675] Built Mathlib.Data.ULift
✔ [665/4675] Built Aesop.Search.Expansion.Norm
✔ [666/4675] Built Mathlib.Combinatorics.Quiver.Cast
✔ [667/4675] Built Mathlib.Order.Monotone.Basic
✔ [668/4675] Built Mathlib.Combinatorics.Quiver.Symmetric
✔ [669/4675] Built Mathlib.Data.MLList.Split
✔ [670/4675] Built Mathlib.Combinatorics.Quiver.SingleObj
✔ [671/4675] Built Mathlib.Order.Iterate
✔ [672/4675] Built Mathlib.Combinatorics.Quiver.ConnectedComponent
✔ [673/4675] Built Mathlib.Tactic.FunProp.Core
✔ [674/4675] Built Aesop.Search.Expansion
✔ [675/4675] Built Mathlib.Tactic.FunProp.Elab
✔ [676/4675] Built Aesop.Search.ExpandSafePrefix
✔ [677/4675] Built Mathlib.Tactic.FunProp
✔ [678/4675] Built Mathlib.Order.Lattice
✔ [679/4675] Built Mathlib.Order.MinMax
✔ [680/4675] Built Mathlib.Order.Monotone.Monovary
✔ [681/4675] Built Mathlib.Order.BoundedOrder
✔ [682/4675] Built Mathlib.Order.Nat
✔ [683/4675] Built Mathlib.Data.Prod.Lex
✔ [684/4675] Built Mathlib.Data.PSigma.Order
✔ [685/4675] Built Mathlib.Data.Sigma.Order
✔ [686/4675] Built Aesop.Search.Main
✔ [687/4675] Built Aesop.Main
✔ [688/4675] Built Aesop
✔ [689/4675] Built Mathlib.Tactic.Measurability.Init
✔ [690/4675] Built Mathlib.Topology.Sheaves.Init
✔ [691/4675] Built Mathlib.Data.Sym.Sym2.Init
✔ [692/4675] Built Mathlib.Tactic.ArithMult.Init
✔ [693/4675] Built Mathlib.Tactic.SetLike
✔ [694/4675] Built Mathlib.CategoryTheory.Category.Init
✔ [695/4675] Built Mathlib.Tactic.Continuity.Init
✔ [696/4675] Built Mathlib.Data.Finset.Attr
✔ [697/4675] Built Mathlib.Combinatorics.SimpleGraph.Init
✔ [698/4675] Built Mathlib.Data.Option.Basic
✔ [699/4675] Built Mathlib.Data.Matroid.Init
✔ [700/4675] Built Mathlib.Tactic.Continuity
✔ [701/4675] Built Mathlib.Tactic.Measurability
✔ [702/4675] Built Mathlib.Tactic.ArithMult
✔ [703/4675] Built Mathlib.Order.Disjoint
✔ [704/4675] Built Mathlib.Logic.Embedding.Basic
✔ [705/4675] Built Mathlib.Topology.Defs.Basic
✔ [706/4675] Built Mathlib.Data.List.GetD
✔ [707/4675] Built Mathlib.Order.PropInstances
✔ [708/4675] Built Mathlib.Logic.Equiv.Option
✔ [713/4675] Built Mathlib.Order.WithBot
✔ [846/4675] Built Mathlib.Algebra.Group.Basic
✔ [848/4675] Built Mathlib.Order.RelIso.Basic
✔ [849/4675] Built Mathlib.Algebra.Group.Semiconj.Basic
✔ [850/4675] Built Mathlib.Data.Int.Cast.Basic
✔ [851/4675] Built Mathlib.Algebra.Group.Embedding
✔ [852/4675] Built Mathlib.Algebra.Ring.MinimalAxioms
✔ [853/4675] Built Mathlib.Algebra.Group.Hom.Basic
✔ [854/4675] Built Mathlib.Tactic.MoveAdd
✔ [855/4675] Built Mathlib.Algebra.Order.Monoid.Unbundled.Defs
✔ [856/4675] Built Mathlib.Algebra.Ring.Idempotents
✔ [857/4675] Built Mathlib.Algebra.Ring.Basic
✔ [859/4675] Built Mathlib.Order.Heyting.Basic
✔ [860/4675] Built Mathlib.Algebra.GroupWithZero.Basic
✔ [861/4675] Built Mathlib.Order.RelIso.Group
✔ [862/4675] Built Mathlib.Algebra.Field.MinimalAxioms
✔ [863/4675] Built Mathlib.Algebra.Group.Commute.Basic
✔ [864/4675] Built Mathlib.Tactic.Zify
✔ [865/4675] Built Mathlib.Algebra.Group.Hom.Instances
✔ [867/4675] Built Mathlib.Algebra.Group.InjSurj
✔ [868/4675] Built Mathlib.Algebra.Group.Units
✔ [869/4675] Built Mathlib.Algebra.Group.Equiv.Basic
✔ [870/4675] Built Mathlib.Algebra.Order.GroupWithZero.Unbundled
✔ [875/4675] Built Mathlib.Order.Hom.Basic
✔ [876/4675] Built Mathlib.Algebra.Group.Units.Hom
✔ [879/4675] Built Mathlib.Algebra.Group.Semiconj.Units
✔ [880/4675] Built Mathlib.Order.BooleanAlgebra
✔ [881/4675] Built Mathlib.Algebra.Group.Hom.End
✔ [883/4675] Built Mathlib.Algebra.Order.Monoid.Unbundled.Basic
✔ [884/4675] Built Mathlib.Algebra.GroupWithZero.InjSurj
✔ [887/4675] Built Mathlib.Algebra.Group.Equiv.TypeTags
✔ [888/4675] Built Mathlib.Algebra.GroupWithZero.Hom
✔ [889/4675] Built Mathlib.Algebra.Group.ULift
✔ [892/4675] Built Mathlib.Tactic.ApplyFun
✔ [893/4675] Built Mathlib.Algebra.Group.Commute.Units
✔ [894/4675] Built Mathlib.Algebra.Group.Units.Equiv
✔ [895/4675] Built Mathlib.Order.Antisymmetrization
✔ [896/4675] Built Mathlib.Data.Sum.Order
✔ [897/4675] Built Mathlib.Algebra.GroupWithZero.Units.Basic
✔ [898/4675] Built Mathlib.Order.Estimator
✔ [899/4675] Built Mathlib.Order.Hom.Bounded
✔ [900/4675] Built Mathlib.Algebra.Order.Monoid.Units
✔ [901/4675] Built Mathlib.Algebra.Order.Monoid.Unbundled.MinMax
✔ [902/4675] Built Mathlib.Algebra.Group.Opposite
✔ [904/4675] Built Mathlib.Algebra.Order.Monoid.Defs
✔ [905/4675] Built Mathlib.Algebra.Regular.Basic
✔ [906/4675] Built Mathlib.Algebra.Ring.InjSurj
✔ [910/4675] Built Mathlib.Order.SymmDiff
✔ [911/4675] Built Mathlib.Algebra.Order.Sub.Defs
✔ [912/4675] Built Mathlib.Algebra.GroupWithZero.Units.Equiv
✔ [915/4675] Built Mathlib.Algebra.Order.Monoid.NatCast
✔ [916/4675] Built Mathlib.Algebra.GroupWithZero.ULift
✔ [918/4675] Built Mathlib.Algebra.GroupWithZero.Semiconj
✔ [919/4675] Built Mathlib.Algebra.Group.Invertible.Basic
✔ [921/4675] Built Mathlib.Algebra.Order.Monoid.OrderDual
✔ [922/4675] Built Mathlib.Algebra.Order.Monoid.Canonical.Defs
✔ [923/4675] Built Mathlib.Algebra.Group.Even
✔ [924/4675] Built Mathlib.Algebra.Ring.Hom.Defs
✔ [925/4675] Built Mathlib.Algebra.Ring.Regular
✔ [927/4675] Built Mathlib.Algebra.Order.Monoid.Basic
✔ [928/4675] Built Mathlib.Algebra.Order.Sub.Basic
✔ [929/4675] Built Mathlib.Algebra.Group.Prod
✔ [930/4675] Built Mathlib.Algebra.Order.Monoid.TypeTags
✔ [931/4675] Built Mathlib.Algebra.GroupWithZero.Invertible
✔ [932/4675] Built Mathlib.Algebra.Group.Nat
✔ [934/4675] Built Mathlib.Algebra.GroupWithZero.Commute
✔ [935/4675] Built Mathlib.Algebra.Order.Group.Defs
✔ [936/4675] Built Mathlib.Order.Hom.Lattice
✔ [937/4675] Built Mathlib.Algebra.Ring.Units
✔ [938/4675] Built Mathlib.Algebra.Ring.Opposite
✔ [941/4675] Built Mathlib.Deprecated.Group
✔ [942/4675] Built Mathlib.Algebra.Order.Monoid.Unbundled.Pow
✔ [945/4675] Built Mathlib.Data.Nat.Cast.Prod
✔ [946/4675] Built Mathlib.Data.Set.Basic
✔ [947/4675] Built Mathlib.Algebra.Order.Sub.Canonical
✔ [949/4675] Built Mathlib.GroupTheory.NoncommCoprod
✔ [950/4675] Built Mathlib.Algebra.Order.Sub.Prod
✔ [951/4675] Built Mathlib.Algebra.Ring.Invertible
✔ [952/4675] Built Mathlib.Algebra.Order.Monoid.WithTop
✔ [953/4675] Built Mathlib.Algebra.Order.Group.Cone
✔ [955/4675] Built Mathlib.Tactic.Sat.FromLRAT
✔ [956/4675] Built Mathlib.Algebra.GroupWithZero.Prod
✔ [958/4675] Built Mathlib.Order.Booleanisation
✔ [959/4675] Built Mathlib.Deprecated.Ring
✔ [960/4675] Built Mathlib.Order.Heyting.Hom
✔ [961/4675] Built Mathlib.Data.Sum.Lattice
✔ [962/4675] Built Mathlib.Algebra.Order.Group.TypeTags
✔ [963/4675] Built Mathlib.Algebra.Order.Group.Instances
✔ [964/4675] Built Mathlib.Algebra.Ring.Nat
✔ [965/4675] Built Mathlib.Algebra.Order.Group.InjSurj
✔ [966/4675] Built Mathlib.Data.Nat.PSub
✔ [967/4675] Built Mathlib.Algebra.Order.Group.DenselyOrdered
✔ [968/4675] Built Mathlib.Algebra.Order.Group.Units
✔ [970/4675] Built Mathlib.Algebra.Order.Group.OrderIso
✔ [971/4675] Built Mathlib.Algebra.Order.Monoid.Prod
✔ [972/4675] Built Mathlib.Algebra.Order.Group.Nat
✔ [975/4675] Built Mathlib.Data.Int.Cast.Prod
✔ [976/4675] Built Mathlib.Algebra.Ring.Commute
✔ [977/4675] Built Mathlib.Algebra.Order.Group.Basic
✔ [978/4675] Built Mathlib.Data.Set.BoolIndicator
✔ [979/4675] Built Mathlib.Data.Bundle
✔ [980/4675] Built Mathlib.Data.Nat.Bits
✔ [981/4675] Built Mathlib.Order.Circular
✔ [983/4675] Built Mathlib.Order.WellFounded
✔ [984/4675] Built Mathlib.Data.Set.Subsingleton
✔ [986/4675] Built Mathlib.Data.Nat.Order.Lemmas
✔ [987/4675] Built Mathlib.Algebra.Order.Group.WithTop
✔ [988/4675] Built Mathlib.Algebra.Order.Sub.WithTop
✔ [989/4675] Built Mathlib.Data.PEquiv
✔ [991/4675] Built Mathlib.Data.Nat.Cast.WithTop
✔ [993/4675] Built Mathlib.Data.SetLike.Basic
✔ [994/4675] Built Mathlib.Algebra.Group.Center
✔ [995/4675] Built Mathlib.Algebra.Order.Group.Prod
✔ [997/4675] Built Mathlib.Algebra.Order.Group.Lattice
✔ [999/4675] Built Mathlib.Data.Nat.Cast.Commute
✔ [1000/4675] Built Mathlib.Data.Ordmap.Ordnode
✔ [1001/4675] Built Mathlib.Tactic.NormNum.Result
✔ [1003/4675] Built Mathlib.Order.IsWellOrderLimitElement
✔ [1004/4675] Built Mathlib.Data.Num.Basic
✔ [1006/4675] Built Mathlib.Combinatorics.Quiver.Arborescence
✔ [1008/4675] Built Mathlib.Data.Nat.Size
✔ [1009/4675] Built Mathlib.Data.Part
✔ [1011/4675] Built Mathlib.Data.Set.Image
✔ [1013/4675] Built Mathlib.Algebra.Group.Centralizer
✔ [1016/4675] Built Mathlib.Algebra.Order.Ring.Defs
✔ [1018/4675] Built Mathlib.Data.Tree.Get
✔ [1019/4675] Built Mathlib.Tactic.NormNum.Core
✔ [1020/4675] Built Mathlib.Data.Bool.Set
✔ [1021/4675] Built Mathlib.Data.Nat.Set
✔ [1023/4675] Built Mathlib.Order.Interval.Set.Basic
✔ [1025/4675] Built Mathlib.Algebra.Order.Group.Abs
✔ [1027/4675] Built Mathlib.Data.Set.List
✔ [1028/4675] Built Mathlib.Logic.Embedding.Set
✔ [1030/4675] Built Mathlib.Order.Directed
✔ [1032/4675] Built Mathlib.Algebra.Ring.Centralizer
✔ [1036/4675] Built Mathlib.Algebra.Order.Ring.Cone
✔ [1039/4675] Built Mathlib.Algebra.Order.Positive.Ring
✔ [1041/4675] Built Mathlib.Algebra.Order.Ring.InjSurj
✔ [1044/4675] Built Mathlib.Order.Interval.Set.WithBotTop
✔ [1045/4675] Built Mathlib.Data.Set.Prod
✔ [1046/4675] Built Mathlib.Data.Nat.Log
✔ [1047/4675] Built Mathlib.Order.Bounded
✔ [1049/4675] Built Mathlib.Algebra.Order.Field.Defs
✔ [1060/4675] Built Mathlib.Algebra.Order.Group.MinMax
✔ [1071/4675] Built Mathlib.Logic.Equiv.Embedding
✔ [1095/4675] Built Mathlib.Algebra.Order.Positive.Field
✔ [1101/4675] Built Mathlib.Data.Set.NAry
✔ [1102/4675] Built Mathlib.Algebra.Order.Group.PosPart
✔ [1103/4675] Built Mathlib.Data.Set.Function
✔ [1107/4675] Built Mathlib.Order.Bounds.Basic
✔ [1109/4675] Built Mathlib.Order.Interval.Set.SurjOn
✔ [1112/4675] Built Mathlib.Algebra.Order.Interval.Set.Monoid
✔ [1115/4675] Built Mathlib.Order.Interval.Set.Image
✔ [1116/4675] Built Mathlib.Order.Monotone.Union
✔ [1126/4675] Built Mathlib.Algebra.Order.Group.Bounds
✔ [1132/4675] Built Mathlib.Order.LatticeIntervals
✔ [1166/4675] Built Mathlib.Logic.Equiv.Set
✔ [1170/4675] Built Mathlib.Order.Monotone.Odd
✔ [1176/4675] Built Mathlib.Logic.Small.Basic
✔ [1179/4675] Built Mathlib.Logic.Equiv.PartialEquiv
✔ [1186/4675] Built Mathlib.Order.RelIso.Set
✔ [1217/4675] Built Mathlib.Data.Countable.Small
✔ [1229/4675] Built Mathlib.Order.Hom.Set
✔ [1232/4675] Built Mathlib.Order.Bounds.OrderIso
✔ [1257/4675] Built Mathlib.Order.Interval.Set.OrderIso
✔ [1306/4675] Built Mathlib.Order.InitialSeg
✔ [1307/4675] Built Mathlib.Algebra.Ring.Equiv
✔ [1314/4675] Built Mathlib.RingTheory.RingInvo
✔ [1315/4675] Built Mathlib.Algebra.Ring.CompTypeclasses
✔ [1321/4675] Built Mathlib.Algebra.Ring.ULift
✔ [1322/4675] Built Mathlib.Algebra.Field.ULift
✔ [1323/4675] Built Mathlib.Algebra.Ring.Prod
✔ [1325/4675] Built Mathlib.Order.CompleteLattice
✔ [1335/4675] Built Mathlib.Order.GaloisConnection
✔ [1338/4675] Built Mathlib.Order.Hom.Order
✔ [1340/4675] Built Mathlib.Order.CompleteBooleanAlgebra
✔ [1386/4675] Built Mathlib.Data.Setoid.Basic
✔ [3329/4675] Built Mathlib.Order.Heyting.Regular
Some builds logged failures:
- ProofWidgets.Component.Basic
error: build failed
