{
  "expected_cells": 2808,
  "actual_cells": 2808,
  "duplicate_jobs": [],
  "duplicate_cells": [],
  "missing_cells": [],
  "unexpected_cells": [],
  "nonterminal_cells": [],
  "incomplete_frames": [],
  "incomplete_checks": [],
  "nonzero_exits": [],
  "differences": {},
  "cancellation_attempts": 6,
  "cancellation_landed": 6,
  "completion": {
    "terminal": true,
    "repetitions": 3,
    "completed_cells": 2808,
    "completed_launches": 1422,
    "load_after": "2.09 2.12 1.85 1/4321 10464\n"
  },
  "matrix_complete": true,
  "terminal_complete": true,
  "cancellation_missing": [],
  "cancellation_duplicates": [],
  "cancellation_unexpected": [],
  "cancellation_terminal_complete": true,
  "decisions_by_mode_repeat": {
    "source-0": {
      "unsat": 434,
      "unknown": 6
    },
    "source-1": {
      "unsat": 434,
      "unknown": 6
    },
    "source-2": {
      "unsat": 434,
      "unknown": 6
    },
    "fresh-0": {
      "unsat": 434,
      "unknown": 6
    },
    "fresh-1": {
      "unsat": 434,
      "unknown": 6
    },
    "fresh-2": {
      "unsat": 434,
      "unknown": 6
    },
    "split-0": {
      "unsat": 434,
      "unknown": 6
    },
    "split-1": {
      "unsat": 434,
      "unknown": 6
    },
    "split-2": {
      "unsat": 434,
      "unknown": 6
    },
    "branch-0": {
      "unsat": 434,
      "unknown": 6
    },
    "branch-1": {
      "unsat": 434,
      "unknown": 6
    },
    "branch-2": {
      "unsat": 434,
      "unknown": 6
    },
    "reverse-0": {
      "unsat": 434,
      "unknown": 6
    },
    "reverse-1": {
      "unsat": 434,
      "unknown": 6
    },
    "reverse-2": {
      "unsat": 434,
      "unknown": 6
    },
    "cancel-0": {
      "unsat": 434,
      "unknown": 6
    },
    "cancel-1": {
      "unsat": 434,
      "unknown": 6
    },
    "cancel-2": {
      "unsat": 434,
      "unknown": 6
    }
  }
}
