✔ [2/24] Built REPL.Util.Pickle (1.9s)
✔ [3/24] Built REPL.Lean.Replay (1.9s)
✔ [4/24] Built REPL.Lean.Environment (198ms)
✔ [5/24] Built REPL.Util.Pickle:c.o (361ms)
✔ [6/24] Built REPL.Lean.Replay:c.o (362ms)
✔ [7/24] Built REPL.Lean.Environment:c.o (164ms)
✔ [8/24] Built REPL.JSON (2.3s)
✔ [9/24] Built REPL.Frontend (2.5s)
✔ [10/24] Built REPL.Frontend:c.o (89ms)
✔ [11/24] Built REPL.Snapshots (971ms)
✔ [12/24] Built REPL.JSON:c.o (608ms)
✔ [13/24] Built REPL.Snapshots:c.o (518ms)
✔ [14/24] Built REPL.Util.Path (4.9s)
✔ [15/24] Built REPL.Lean.ContextInfo (4.9s)
✔ [16/24] Built REPL.Lean.ContextInfo:c.o (36ms)
✔ [17/24] Built REPL.Util.Path:c.o (60ms)
✔ [18/24] Built REPL.Lean.InfoTree (5.2s)
✔ [19/24] Built REPL.Lean.InfoTree:c.o (420ms)
✔ [20/24] Built REPL.Lean.InfoTree.ToJson (635ms)
✔ [21/24] Built REPL.Lean.InfoTree.ToJson:c.o (187ms)
✔ [22/24] Built REPL.Main (1.0s)
✔ [23/24] Built REPL.Main:c.o (1.0s)
✔ [24/24] Built repl:exe (9.0s)
Build completed successfully (24 jobs).
