{
  "commands_per_query": {
    "mean": 0.0,
    "p50": 0.0,
    "p95": 0.0,
    "p99": 0.0
  },
  "exact_duplicate_fraction": 0.0,
  "exact_duplicate_queries": 0,
  "files": 0,
  "nearest_recent_context_byte_overlap_fraction": {
    "mean": 0.0,
    "p50": 0.0,
    "p95": 0.0,
    "p99": 0.0
  },
  "nearest_recent_context_overlap_fraction": {
    "mean": 0.0,
    "p50": 0.0,
    "p95": 0.0,
    "p99": 0.0
  },
  "nearest_recent_prefix_commands": {
    "mean": 0.0,
    "p50": 0.0,
    "p95": 0.0,
    "p99": 0.0
  },
  "nearest_recent_prefix_fraction": {
    "mean": 0.0,
    "p50": 0.0,
    "p95": 0.0,
    "p99": 0.0
  },
  "nearest_recent_transition_commands": {
    "mean": 0.0,
    "p50": 0.0,
    "p95": 0.0,
    "p99": 0.0
  },
  "notes": [
    "Prefix similarity is exact and order-sensitive.",
    "Context overlap is exact normalized-command multiset overlap; it is order-insensitive but not semantic equivalence.",
    "Transition commands approximate edits to the nearest recent context; a runtime still has to preserve scopes and backend semantics.",
    "These conservative metrics are intended to falsify/validate the reuse hypothesis before implementing solver changes."
  ],
  "per_file_queries": {},
  "queries": 0,
  "unique_queries": 0,
  "window": 64
}
Traceback (most recent call last):
  File "/workspaces/repository/tools/analyze_smt_trace.py", line 373, in <module>
    raise SystemExit(main())
                     ~~~~^^
  File "/workspaces/repository/tools/analyze_smt_trace.py", line 368, in main
    args.json.write_text(encoded + "\n", encoding="utf-8")
    ~~~~~~~~~~~~~~~~~~~~^^^^^^^^^^^^^^^^^^^^^^^^^^^^^^^^^^
  File "/usr/lib/python3.13/pathlib/_local.py", line 557, in write_text
    return PathBase.write_text(self, data, encoding, errors, newline)
           ~~~~~~~~~~~~~~~~~~~^^^^^^^^^^^^^^^^^^^^^^^^^^^^^^^^^^^^^^^
  File "/usr/lib/python3.13/pathlib/_abc.py", line 651, in write_text
    with self.open(mode='w', encoding=encoding, errors=errors, newline=newline) as f:
         ~~~~~~~~~^^^^^^^^^^^^^^^^^^^^^^^^^^^^^^^^^^^^^^^^^^^^^^^^^^^^^^^^^^^^^
  File "/usr/lib/python3.13/pathlib/_local.py", line 539, in open
    return io.open(self, mode, buffering, encoding, errors, newline)
           ~~~~~~~^^^^^^^^^^^^^^^^^^^^^^^^^^^^^^^^^^^^^^^^^^^^^^^^^^
FileNotFoundError: [Errno 2] No such file or directory: 'artifacts/lean-state-2026-10-04/smt-smoke/trace-analysis.json'
