{"ast_e2e_ms_median": 2.4186045011447277, "ast_over_live_e2e": 1.6209296281307395, "ast_warm_ms_median": 1.9315220015414525, "ast_warm_over_live_warm": 2.626918557768999, "cold_e2e_ms_median": 12.392673997965176, "cold_over_ast_e2e": 5.1238943746692405, "cold_over_live_e2e": 8.305472203313801, "live_e2e_ms_median": 1.492109502578387, "live_warm_ms_median": 0.7352805041591637, "prefix_constraints": 16, "queries": 8, "repetitions": 2, "statuses": {"sat": 4, "unknown": 0, "unsat": 4}}
{"ast_e2e_ms_median": 3.9085285025066696, "ast_over_live_e2e": 1.4178932954527805, "ast_warm_ms_median": 3.3688650037220214, "ast_warm_over_live_warm": 1.7005271409477118, "cold_e2e_ms_median": 8.464161997835618, "cold_over_ast_e2e": 2.1655623062252887, "cold_over_live_e2e": 3.0705362748820977, "live_e2e_ms_median": 2.756574500381248, "live_warm_ms_median": 1.981071000045631, "prefix_constraints": 64, "queries": 8, "repetitions": 2, "statuses": {"sat": 4, "unknown": 0, "unsat": 4}}
Traceback (most recent call last):
  File "/workspaces/repository/bench/reuse_levels_bench.py", line 298, in <module>
    raise SystemExit(main())
                     ~~~~^^
  File "/workspaces/repository/bench/reuse_levels_bench.py", line 290, in main
    args.json.write_text(
    ~~~~~~~~~~~~~~~~~~~~^
        json.dumps(result, indent=2, sort_keys=True) + "\n",
        ^^^^^^^^^^^^^^^^^^^^^^^^^^^^^^^^^^^^^^^^^^^^^^^^^^^^
        encoding="utf-8",
        ^^^^^^^^^^^^^^^^^
    )
    ^
  File "/usr/lib/python3.13/pathlib/_local.py", line 557, in write_text
    return PathBase.write_text(self, data, encoding, errors, newline)
           ~~~~~~~~~~~~~~~~~~~^^^^^^^^^^^^^^^^^^^^^^^^^^^^^^^^^^^^^^^
  File "/usr/lib/python3.13/pathlib/_abc.py", line 651, in write_text
    with self.open(mode='w', encoding=encoding, errors=errors, newline=newline) as f:
         ~~~~~~~~~^^^^^^^^^^^^^^^^^^^^^^^^^^^^^^^^^^^^^^^^^^^^^^^^^^^^^^^^^^^^^
  File "/usr/lib/python3.13/pathlib/_local.py", line 539, in open
    return io.open(self, mode, buffering, encoding, errors, newline)
           ~~~~~~~^^^^^^^^^^^^^^^^^^^^^^^^^^^^^^^^^^^^^^^^^^^^^^^^^^
FileNotFoundError: [Errno 2] No such file or directory: 'artifacts/lean-state-2026-10-04/smt-smoke/reuse-levels.json'
