{
 "scope": "exact normalized syntax, distinct task_id only; no semantic equivalence or measured speedup",
 "tasks": 100,
 "passed": 57,
 "failures_without_smt": 37,
 "failures_with_smt": 6,
 "tasks_with_smt": 63,
 "sessions": 156,
 "queries": 440,
 "trace_bytes": 48556449,
 "project_coverage": {
  "IR": {
   "tasks": 18,
   "passed": 11,
   "with_smt": 11
  },
  "AC": {
   "tasks": 8,
   "passed": 5,
   "with_smt": 6
  },
  "ST": {
   "tasks": 2,
   "passed": 1,
   "with_smt": 1
  },
  "MA": {
   "tasks": 13,
   "passed": 4,
   "with_smt": 9
  },
  "NO": {
   "tasks": 5,
   "passed": 5,
   "with_smt": 5
  },
  "NR": {
   "tasks": 23,
   "passed": 11,
   "with_smt": 11
  },
  "OS": {
   "tasks": 21,
   "passed": 10,
   "with_smt": 10
  },
  "AL": {
   "tasks": 8,
   "passed": 8,
   "with_smt": 8
  },
  "VE": {
   "tasks": 2,
   "passed": 2,
   "with_smt": 2
  }
 }
}
